INFO:root:Arguments: Namespace(data='./data/gigaspeech', model='GRU', emsize=200, nhid=200, nlayers=2, lr=20, clip=0.25, epochs=20, batch_size=20, bptt=35, dropout=0.2, tied=False, seed=1111, cuda=True, log_interval=500, onnx_export='', nhead=2, dry_run=False)
INFO:root:Total number of model parameters: 11.59M
INFO:root:| epoch   1 |   500/15983 batches | lr 20.00 | ms/batch 18.00 | loss  7.75 | ppl  2332.95
INFO:root:| epoch   1 |  1000/15983 batches | lr 20.00 | ms/batch 17.37 | loss  6.20 | ppl   493.03
INFO:root:| epoch   1 |  1500/15983 batches | lr 20.00 | ms/batch 17.63 | loss  5.92 | ppl   373.31
INFO:root:| epoch   1 |  2000/15983 batches | lr 20.00 | ms/batch 17.30 | loss  5.72 | ppl   304.40
INFO:root:| epoch   1 |  2500/15983 batches | lr 20.00 | ms/batch 17.25 | loss  5.60 | ppl   269.89
INFO:root:| epoch   1 |  3000/15983 batches | lr 20.00 | ms/batch 17.71 | loss  5.61 | ppl   272.90
INFO:root:| epoch   1 |  3500/15983 batches | lr 20.00 | ms/batch 17.28 | loss  5.58 | ppl   265.68
INFO:root:| epoch   1 |  4000/15983 batches | lr 20.00 | ms/batch 16.62 | loss  5.57 | ppl   261.63
INFO:root:| epoch   1 |  4500/15983 batches | lr 20.00 | ms/batch 17.20 | loss  5.55 | ppl   255.97
INFO:root:| epoch   1 |  5000/15983 batches | lr 20.00 | ms/batch 17.47 | loss  5.53 | ppl   251.23
INFO:root:| epoch   1 |  5500/15983 batches | lr 20.00 | ms/batch 17.11 | loss  5.49 | ppl   242.00
INFO:root:| epoch   1 |  6000/15983 batches | lr 20.00 | ms/batch 18.01 | loss  5.49 | ppl   242.35
INFO:root:| epoch   1 |  6500/15983 batches | lr 20.00 | ms/batch 18.76 | loss  5.44 | ppl   230.31
INFO:root:| epoch   1 |  7000/15983 batches | lr 20.00 | ms/batch 18.73 | loss  5.45 | ppl   233.37
INFO:root:| epoch   1 |  7500/15983 batches | lr 20.00 | ms/batch 17.71 | loss  5.41 | ppl   222.65
INFO:root:| epoch   1 |  8000/15983 batches | lr 20.00 | ms/batch 16.60 | loss  5.47 | ppl   238.53
INFO:root:| epoch   1 |  8500/15983 batches | lr 20.00 | ms/batch 17.16 | loss  5.40 | ppl   222.32
INFO:root:| epoch   1 |  9000/15983 batches | lr 20.00 | ms/batch 16.77 | loss  5.36 | ppl   212.18
INFO:root:| epoch   1 |  9500/15983 batches | lr 20.00 | ms/batch 16.73 | loss  5.37 | ppl   215.54
INFO:root:| epoch   1 | 10000/15983 batches | lr 20.00 | ms/batch 16.89 | loss  5.37 | ppl   215.31
INFO:root:| epoch   1 | 10500/15983 batches | lr 20.00 | ms/batch 16.91 | loss  5.40 | ppl   221.94
INFO:root:| epoch   1 | 11000/15983 batches | lr 20.00 | ms/batch 16.97 | loss  5.41 | ppl   222.54
INFO:root:| epoch   1 | 11500/15983 batches | lr 20.00 | ms/batch 17.16 | loss  5.38 | ppl   216.15
INFO:root:| epoch   1 | 12000/15983 batches | lr 20.00 | ms/batch 17.16 | loss  5.38 | ppl   216.27
INFO:root:| epoch   1 | 12500/15983 batches | lr 20.00 | ms/batch 17.10 | loss  5.38 | ppl   217.38
INFO:root:| epoch   1 | 13000/15983 batches | lr 20.00 | ms/batch 17.37 | loss  6.96 | ppl  1052.98
INFO:root:| epoch   1 | 13500/15983 batches | lr 20.00 | ms/batch 17.51 | loss  7.14 | ppl  1266.00
INFO:root:| epoch   1 | 14000/15983 batches | lr 20.00 | ms/batch 17.48 | loss  6.76 | ppl   863.86
INFO:root:| epoch   1 | 14500/15983 batches | lr 20.00 | ms/batch 17.20 | loss  6.47 | ppl   643.91
INFO:root:| epoch   1 | 15000/15983 batches | lr 20.00 | ms/batch 17.12 | loss  6.37 | ppl   584.31
INFO:root:| epoch   1 | 15500/15983 batches | lr 20.00 | ms/batch 17.34 | loss  6.19 | ppl   488.33
INFO:root:save figs in logs\2024-05-30_23-13-11
INFO:root:-----------------------------------------------------------------------------------------
INFO:root:| end of epoch   1 | time: 279.43s | valid loss  6.22 | valid ppl   502.40
INFO:root:-----------------------------------------------------------------------------------------
INFO:root:Model saved to logs\2024-05-30_23-13-11\model.pt
INFO:root:| epoch   2 |   500/15983 batches | lr 20.00 | ms/batch 17.28 | loss  6.24 | ppl   513.77
INFO:root:| epoch   2 |  1000/15983 batches | lr 20.00 | ms/batch 17.20 | loss  6.18 | ppl   484.90
INFO:root:| epoch   2 |  1500/15983 batches | lr 20.00 | ms/batch 17.25 | loss  6.17 | ppl   476.86
INFO:root:| epoch   2 |  2000/15983 batches | lr 20.00 | ms/batch 17.32 | loss  6.09 | ppl   442.95
INFO:root:| epoch   2 |  2500/15983 batches | lr 20.00 | ms/batch 17.53 | loss  6.03 | ppl   414.57
INFO:root:| epoch   2 |  3000/15983 batches | lr 20.00 | ms/batch 17.41 | loss  6.04 | ppl   419.73
INFO:root:| epoch   2 |  3500/15983 batches | lr 20.00 | ms/batch 17.55 | loss  6.03 | ppl   416.78
INFO:root:| epoch   2 |  4000/15983 batches | lr 20.00 | ms/batch 17.54 | loss  6.04 | ppl   418.38
INFO:root:| epoch   2 |  4500/15983 batches | lr 20.00 | ms/batch 17.68 | loss  6.04 | ppl   419.96
INFO:root:| epoch   2 |  5000/15983 batches | lr 20.00 | ms/batch 17.60 | loss  6.01 | ppl   406.68
INFO:root:| epoch   2 |  5500/15983 batches | lr 20.00 | ms/batch 17.54 | loss  5.95 | ppl   382.68
INFO:root:| epoch   2 |  6000/15983 batches | lr 20.00 | ms/batch 17.55 | loss  5.97 | ppl   392.54
INFO:root:| epoch   2 |  6500/15983 batches | lr 20.00 | ms/batch 17.71 | loss  5.95 | ppl   383.88
INFO:root:| epoch   2 |  7000/15983 batches | lr 20.00 | ms/batch 17.65 | loss  5.95 | ppl   382.57
INFO:root:| epoch   2 |  7500/15983 batches | lr 20.00 | ms/batch 17.78 | loss  5.92 | ppl   371.84
INFO:root:| epoch   2 |  8000/15983 batches | lr 20.00 | ms/batch 17.67 | loss  5.98 | ppl   394.51
INFO:root:| epoch   2 |  8500/15983 batches | lr 20.00 | ms/batch 17.81 | loss  5.90 | ppl   366.22
INFO:root:| epoch   2 |  9000/15983 batches | lr 20.00 | ms/batch 17.65 | loss  5.84 | ppl   344.56
INFO:root:| epoch   2 |  9500/15983 batches | lr 20.00 | ms/batch 17.83 | loss  5.87 | ppl   352.65
INFO:root:| epoch   2 | 10000/15983 batches | lr 20.00 | ms/batch 17.71 | loss  5.87 | ppl   353.72
INFO:root:| epoch   2 | 10500/15983 batches | lr 20.00 | ms/batch 17.63 | loss  5.90 | ppl   364.62
INFO:root:| epoch   2 | 11000/15983 batches | lr 20.00 | ms/batch 17.46 | loss  5.89 | ppl   360.35
INFO:root:| epoch   2 | 11500/15983 batches | lr 20.00 | ms/batch 17.58 | loss  5.87 | ppl   353.83
INFO:root:| epoch   2 | 12000/15983 batches | lr 20.00 | ms/batch 17.71 | loss  5.85 | ppl   347.56
INFO:root:| epoch   2 | 12500/15983 batches | lr 20.00 | ms/batch 17.54 | loss  5.83 | ppl   340.28
INFO:root:| epoch   2 | 13000/15983 batches | lr 20.00 | ms/batch 17.51 | loss  5.86 | ppl   352.28
INFO:root:| epoch   2 | 13500/15983 batches | lr 20.00 | ms/batch 17.94 | loss  5.88 | ppl   358.59
INFO:root:| epoch   2 | 14000/15983 batches | lr 20.00 | ms/batch 17.47 | loss  5.89 | ppl   360.11
INFO:root:| epoch   2 | 14500/15983 batches | lr 20.00 | ms/batch 17.51 | loss  5.84 | ppl   342.37
INFO:root:| epoch   2 | 15000/15983 batches | lr 20.00 | ms/batch 17.42 | loss  5.79 | ppl   325.71
INFO:root:| epoch   2 | 15500/15983 batches | lr 20.00 | ms/batch 17.33 | loss  5.80 | ppl   329.00
INFO:root:save figs in logs\2024-05-30_23-13-11
INFO:root:-----------------------------------------------------------------------------------------
INFO:root:| end of epoch   2 | time: 282.27s | valid loss  5.93 | valid ppl   374.70
INFO:root:-----------------------------------------------------------------------------------------
INFO:root:Model saved to logs\2024-05-30_23-13-11\model.pt
INFO:root:| epoch   3 |   500/15983 batches | lr 20.00 | ms/batch 17.77 | loss  5.87 | ppl   352.51
INFO:root:| epoch   3 |  1000/15983 batches | lr 20.00 | ms/batch 17.55 | loss  5.86 | ppl   350.10
INFO:root:| epoch   3 |  1500/15983 batches | lr 20.00 | ms/batch 17.64 | loss  5.88 | ppl   357.59
INFO:root:| epoch   3 |  2000/15983 batches | lr 20.00 | ms/batch 17.63 | loss  5.81 | ppl   334.18
INFO:root:| epoch   3 |  2500/15983 batches | lr 20.00 | ms/batch 17.43 | loss  5.77 | ppl   320.94
INFO:root:| epoch   3 |  3000/15983 batches | lr 20.00 | ms/batch 17.57 | loss  5.82 | ppl   335.64
INFO:root:| epoch   3 |  3500/15983 batches | lr 20.00 | ms/batch 17.43 | loss  5.82 | ppl   336.20
INFO:root:| epoch   3 |  4000/15983 batches | lr 20.00 | ms/batch 17.40 | loss  5.83 | ppl   339.35
INFO:root:| epoch   3 |  4500/15983 batches | lr 20.00 | ms/batch 17.52 | loss  5.85 | ppl   347.99
INFO:root:| epoch   3 |  5000/15983 batches | lr 20.00 | ms/batch 17.50 | loss  5.84 | ppl   344.39
INFO:root:| epoch   3 |  5500/15983 batches | lr 20.00 | ms/batch 17.38 | loss  5.82 | ppl   337.08
INFO:root:| epoch   3 |  6000/15983 batches | lr 20.00 | ms/batch 17.60 | loss  5.84 | ppl   344.71
INFO:root:| epoch   3 |  6500/15983 batches | lr 20.00 | ms/batch 17.50 | loss  5.81 | ppl   332.22
INFO:root:| epoch   3 |  7000/15983 batches | lr 20.00 | ms/batch 17.52 | loss  5.83 | ppl   339.90
INFO:root:| epoch   3 |  7500/15983 batches | lr 20.00 | ms/batch 17.57 | loss  5.78 | ppl   323.32
INFO:root:| epoch   3 |  8000/15983 batches | lr 20.00 | ms/batch 17.52 | loss  5.86 | ppl   350.10
INFO:root:| epoch   3 |  8500/15983 batches | lr 20.00 | ms/batch 17.64 | loss  5.80 | ppl   330.81
INFO:root:| epoch   3 |  9000/15983 batches | lr 20.00 | ms/batch 17.67 | loss  5.77 | ppl   319.46
INFO:root:| epoch   3 |  9500/15983 batches | lr 20.00 | ms/batch 17.80 | loss  5.80 | ppl   330.18
INFO:root:| epoch   3 | 10000/15983 batches | lr 20.00 | ms/batch 17.95 | loss  5.78 | ppl   324.50
INFO:root:| epoch   3 | 10500/15983 batches | lr 20.00 | ms/batch 18.21 | loss  5.82 | ppl   335.39
INFO:root:| epoch   3 | 11000/15983 batches | lr 20.00 | ms/batch 18.20 | loss  5.81 | ppl   334.87
INFO:root:| epoch   3 | 11500/15983 batches | lr 20.00 | ms/batch 17.78 | loss  5.81 | ppl   334.69
INFO:root:| epoch   3 | 12000/15983 batches | lr 20.00 | ms/batch 17.92 | loss  5.79 | ppl   326.63
INFO:root:| epoch   3 | 12500/15983 batches | lr 20.00 | ms/batch 18.57 | loss  5.77 | ppl   319.43
INFO:root:| epoch   3 | 13000/15983 batches | lr 20.00 | ms/batch 18.76 | loss  5.79 | ppl   327.98
INFO:root:| epoch   3 | 13500/15983 batches | lr 20.00 | ms/batch 17.58 | loss  5.81 | ppl   332.45
INFO:root:| epoch   3 | 14000/15983 batches | lr 20.00 | ms/batch 17.56 | loss  5.84 | ppl   342.29
INFO:root:| epoch   3 | 14500/15983 batches | lr 20.00 | ms/batch 17.61 | loss  5.76 | ppl   317.36
INFO:root:| epoch   3 | 15000/15983 batches | lr 20.00 | ms/batch 18.08 | loss  5.73 | ppl   308.06
INFO:root:| epoch   3 | 15500/15983 batches | lr 20.00 | ms/batch 18.23 | loss  5.75 | ppl   314.71
INFO:root:save figs in logs\2024-05-30_23-13-11
INFO:root:-----------------------------------------------------------------------------------------
INFO:root:| end of epoch   3 | time: 285.23s | valid loss  5.84 | valid ppl   343.81
INFO:root:-----------------------------------------------------------------------------------------
INFO:root:Model saved to logs\2024-05-30_23-13-11\model.pt
INFO:root:| epoch   4 |   500/15983 batches | lr 20.00 | ms/batch 17.43 | loss  5.82 | ppl   336.57
INFO:root:| epoch   4 |  1000/15983 batches | lr 20.00 | ms/batch 17.55 | loss  5.81 | ppl   332.88
INFO:root:| epoch   4 |  1500/15983 batches | lr 20.00 | ms/batch 17.65 | loss  5.84 | ppl   343.33
INFO:root:| epoch   4 |  2000/15983 batches | lr 20.00 | ms/batch 17.85 | loss  5.78 | ppl   322.27
INFO:root:| epoch   4 |  2500/15983 batches | lr 20.00 | ms/batch 18.06 | loss  5.74 | ppl   309.70
INFO:root:| epoch   4 |  3000/15983 batches | lr 20.00 | ms/batch 18.33 | loss  5.78 | ppl   324.65
INFO:root:| epoch   4 |  3500/15983 batches | lr 20.00 | ms/batch 17.71 | loss  5.79 | ppl   328.25
INFO:root:| epoch   4 |  4000/15983 batches | lr 20.00 | ms/batch 17.49 | loss  5.81 | ppl   332.18
INFO:root:| epoch   4 |  4500/15983 batches | lr 20.00 | ms/batch 17.11 | loss  5.82 | ppl   335.36
INFO:root:| epoch   4 |  5000/15983 batches | lr 20.00 | ms/batch 17.32 | loss  5.82 | ppl   335.53
INFO:root:| epoch   4 |  5500/15983 batches | lr 20.00 | ms/batch 17.50 | loss  5.79 | ppl   328.61
INFO:root:| epoch   4 |  6000/15983 batches | lr 20.00 | ms/batch 17.35 | loss  5.81 | ppl   332.44
INFO:root:| epoch   4 |  6500/15983 batches | lr 20.00 | ms/batch 17.23 | loss  5.77 | ppl   322.12
INFO:root:| epoch   4 |  7000/15983 batches | lr 20.00 | ms/batch 17.26 | loss  5.78 | ppl   325.35
INFO:root:| epoch   4 |  7500/15983 batches | lr 20.00 | ms/batch 17.39 | loss  5.76 | ppl   315.91
INFO:root:| epoch   4 |  8000/15983 batches | lr 20.00 | ms/batch 17.88 | loss  5.83 | ppl   338.76
INFO:root:| epoch   4 |  8500/15983 batches | lr 20.00 | ms/batch 17.63 | loss  5.76 | ppl   318.03
INFO:root:| epoch   4 |  9000/15983 batches | lr 20.00 | ms/batch 17.79 | loss  5.73 | ppl   308.80
INFO:root:| epoch   4 |  9500/15983 batches | lr 20.00 | ms/batch 17.55 | loss  5.76 | ppl   318.71
INFO:root:| epoch   4 | 10000/15983 batches | lr 20.00 | ms/batch 17.96 | loss  5.74 | ppl   311.21
INFO:root:| epoch   4 | 10500/15983 batches | lr 20.00 | ms/batch 17.84 | loss  5.78 | ppl   322.99
INFO:root:| epoch   4 | 11000/15983 batches | lr 20.00 | ms/batch 17.96 | loss  5.77 | ppl   320.86
INFO:root:| epoch   4 | 11500/15983 batches | lr 20.00 | ms/batch 17.71 | loss  5.75 | ppl   315.51
INFO:root:| epoch   4 | 12000/15983 batches | lr 20.00 | ms/batch 17.78 | loss  5.74 | ppl   312.08
INFO:root:| epoch   4 | 12500/15983 batches | lr 20.00 | ms/batch 17.76 | loss  5.72 | ppl   303.77
INFO:root:| epoch   4 | 13000/15983 batches | lr 20.00 | ms/batch 17.63 | loss  5.74 | ppl   312.13
INFO:root:| epoch   4 | 13500/15983 batches | lr 20.00 | ms/batch 17.80 | loss  5.77 | ppl   320.87
INFO:root:| epoch   4 | 14000/15983 batches | lr 20.00 | ms/batch 18.04 | loss  5.79 | ppl   325.69
INFO:root:| epoch   4 | 14500/15983 batches | lr 20.00 | ms/batch 17.93 | loss  5.73 | ppl   307.37
INFO:root:| epoch   4 | 15000/15983 batches | lr 20.00 | ms/batch 17.71 | loss  5.70 | ppl   297.97
INFO:root:| epoch   4 | 15500/15983 batches | lr 20.00 | ms/batch 17.41 | loss  5.73 | ppl   307.61
INFO:root:save figs in logs\2024-05-30_23-13-11
INFO:root:-----------------------------------------------------------------------------------------
INFO:root:| end of epoch   4 | time: 283.63s | valid loss  5.89 | valid ppl   362.38
INFO:root:-----------------------------------------------------------------------------------------
INFO:root:| epoch   5 |   500/15983 batches | lr 5.00 | ms/batch 17.31 | loss  5.71 | ppl   301.28
INFO:root:| epoch   5 |  1000/15983 batches | lr 5.00 | ms/batch 17.25 | loss  5.68 | ppl   291.55
INFO:root:| epoch   5 |  1500/15983 batches | lr 5.00 | ms/batch 17.21 | loss  5.71 | ppl   301.71
INFO:root:| epoch   5 |  2000/15983 batches | lr 5.00 | ms/batch 17.30 | loss  5.62 | ppl   274.97
INFO:root:| epoch   5 |  2500/15983 batches | lr 5.00 | ms/batch 17.20 | loss  5.56 | ppl   261.10
INFO:root:| epoch   5 |  3000/15983 batches | lr 5.00 | ms/batch 17.19 | loss  5.62 | ppl   274.63
INFO:root:| epoch   5 |  3500/15983 batches | lr 5.00 | ms/batch 17.11 | loss  5.62 | ppl   277.14
INFO:root:| epoch   5 |  4000/15983 batches | lr 5.00 | ms/batch 17.51 | loss  5.64 | ppl   280.45
INFO:root:| epoch   5 |  4500/15983 batches | lr 5.00 | ms/batch 17.51 | loss  5.63 | ppl   279.83
INFO:root:| epoch   5 |  5000/15983 batches | lr 5.00 | ms/batch 17.41 | loss  5.63 | ppl   280.01
INFO:root:| epoch   5 |  5500/15983 batches | lr 5.00 | ms/batch 17.21 | loss  5.62 | ppl   276.77
INFO:root:| epoch   5 |  6000/15983 batches | lr 5.00 | ms/batch 17.54 | loss  5.64 | ppl   280.31
INFO:root:| epoch   5 |  6500/15983 batches | lr 5.00 | ms/batch 17.72 | loss  5.58 | ppl   265.26
INFO:root:| epoch   5 |  7000/15983 batches | lr 5.00 | ms/batch 17.54 | loss  5.60 | ppl   270.10
INFO:root:| epoch   5 |  7500/15983 batches | lr 5.00 | ms/batch 17.38 | loss  5.56 | ppl   260.02
INFO:root:| epoch   5 |  8000/15983 batches | lr 5.00 | ms/batch 17.35 | loss  5.62 | ppl   276.63
INFO:root:| epoch   5 |  8500/15983 batches | lr 5.00 | ms/batch 17.71 | loss  5.57 | ppl   261.37
INFO:root:| epoch   5 |  9000/15983 batches | lr 5.00 | ms/batch 17.36 | loss  5.53 | ppl   252.57
INFO:root:| epoch   5 |  9500/15983 batches | lr 5.00 | ms/batch 17.56 | loss  5.54 | ppl   254.91
INFO:root:| epoch   5 | 10000/15983 batches | lr 5.00 | ms/batch 17.60 | loss  5.54 | ppl   253.91
INFO:root:| epoch   5 | 10500/15983 batches | lr 5.00 | ms/batch 17.43 | loss  5.57 | ppl   262.68
INFO:root:| epoch   5 | 11000/15983 batches | lr 5.00 | ms/batch 17.51 | loss  5.57 | ppl   261.32
INFO:root:| epoch   5 | 11500/15983 batches | lr 5.00 | ms/batch 17.70 | loss  5.54 | ppl   254.83
INFO:root:| epoch   5 | 12000/15983 batches | lr 5.00 | ms/batch 17.69 | loss  5.53 | ppl   251.57
INFO:root:| epoch   5 | 12500/15983 batches | lr 5.00 | ms/batch 17.58 | loss  5.50 | ppl   243.49
INFO:root:| epoch   5 | 13000/15983 batches | lr 5.00 | ms/batch 17.56 | loss  5.52 | ppl   249.09
INFO:root:| epoch   5 | 13500/15983 batches | lr 5.00 | ms/batch 17.44 | loss  5.54 | ppl   254.35
INFO:root:| epoch   5 | 14000/15983 batches | lr 5.00 | ms/batch 17.58 | loss  5.56 | ppl   260.63
INFO:root:| epoch   5 | 14500/15983 batches | lr 5.00 | ms/batch 17.68 | loss  5.48 | ppl   240.25
INFO:root:| epoch   5 | 15000/15983 batches | lr 5.00 | ms/batch 18.10 | loss  5.45 | ppl   233.78
INFO:root:| epoch   5 | 15500/15983 batches | lr 5.00 | ms/batch 17.80 | loss  5.48 | ppl   240.79
INFO:root:save figs in logs\2024-05-30_23-13-11
INFO:root:-----------------------------------------------------------------------------------------
INFO:root:| end of epoch   5 | time: 281.04s | valid loss  5.63 | valid ppl   278.37
INFO:root:-----------------------------------------------------------------------------------------
INFO:root:Model saved to logs\2024-05-30_23-13-11\model.pt
INFO:root:| epoch   6 |   500/15983 batches | lr 5.00 | ms/batch 17.70 | loss  5.57 | ppl   263.11
INFO:root:| epoch   6 |  1000/15983 batches | lr 5.00 | ms/batch 17.26 | loss  5.56 | ppl   259.79
INFO:root:| epoch   6 |  1500/15983 batches | lr 5.00 | ms/batch 17.24 | loss  5.59 | ppl   267.22
INFO:root:| epoch   6 |  2000/15983 batches | lr 5.00 | ms/batch 17.39 | loss  5.51 | ppl   247.01
INFO:root:| epoch   6 |  2500/15983 batches | lr 5.00 | ms/batch 17.29 | loss  5.48 | ppl   238.75
INFO:root:| epoch   6 |  3000/15983 batches | lr 5.00 | ms/batch 17.27 | loss  5.53 | ppl   251.44
INFO:root:| epoch   6 |  3500/15983 batches | lr 5.00 | ms/batch 17.26 | loss  5.54 | ppl   255.49
INFO:root:| epoch   6 |  4000/15983 batches | lr 5.00 | ms/batch 17.26 | loss  5.55 | ppl   257.34
INFO:root:| epoch   6 |  4500/15983 batches | lr 5.00 | ms/batch 17.30 | loss  5.56 | ppl   259.40
INFO:root:| epoch   6 |  5000/15983 batches | lr 5.00 | ms/batch 17.22 | loss  5.55 | ppl   258.51
INFO:root:| epoch   6 |  5500/15983 batches | lr 5.00 | ms/batch 17.57 | loss  5.53 | ppl   252.96
INFO:root:| epoch   6 |  6000/15983 batches | lr 5.00 | ms/batch 17.70 | loss  5.55 | ppl   257.35
INFO:root:| epoch   6 |  6500/15983 batches | lr 5.00 | ms/batch 17.55 | loss  5.51 | ppl   246.37
INFO:root:| epoch   6 |  7000/15983 batches | lr 5.00 | ms/batch 17.63 | loss  5.53 | ppl   252.32
INFO:root:| epoch   6 |  7500/15983 batches | lr 5.00 | ms/batch 17.58 | loss  5.49 | ppl   242.64
INFO:root:| epoch   6 |  8000/15983 batches | lr 5.00 | ms/batch 17.70 | loss  5.56 | ppl   260.55
INFO:root:| epoch   6 |  8500/15983 batches | lr 5.00 | ms/batch 17.73 | loss  5.51 | ppl   246.10
INFO:root:| epoch   6 |  9000/15983 batches | lr 5.00 | ms/batch 17.78 | loss  5.47 | ppl   237.70
INFO:root:| epoch   6 |  9500/15983 batches | lr 5.00 | ms/batch 18.00 | loss  5.49 | ppl   241.26
INFO:root:| epoch   6 | 10000/15983 batches | lr 5.00 | ms/batch 17.83 | loss  5.48 | ppl   239.77
INFO:root:| epoch   6 | 10500/15983 batches | lr 5.00 | ms/batch 17.99 | loss  5.52 | ppl   248.45
INFO:root:| epoch   6 | 11000/15983 batches | lr 5.00 | ms/batch 17.96 | loss  5.51 | ppl   247.84
INFO:root:| epoch   6 | 11500/15983 batches | lr 5.00 | ms/batch 18.02 | loss  5.49 | ppl   242.80
INFO:root:| epoch   6 | 12000/15983 batches | lr 5.00 | ms/batch 18.37 | loss  5.48 | ppl   238.79
INFO:root:| epoch   6 | 12500/15983 batches | lr 5.00 | ms/batch 18.53 | loss  5.44 | ppl   231.22
INFO:root:| epoch   6 | 13000/15983 batches | lr 5.00 | ms/batch 17.99 | loss  5.47 | ppl   238.19
INFO:root:| epoch   6 | 13500/15983 batches | lr 5.00 | ms/batch 17.85 | loss  5.49 | ppl   242.47
INFO:root:| epoch   6 | 14000/15983 batches | lr 5.00 | ms/batch 18.06 | loss  5.52 | ppl   248.60
INFO:root:| epoch   6 | 14500/15983 batches | lr 5.00 | ms/batch 17.85 | loss  5.44 | ppl   231.10
INFO:root:| epoch   6 | 15000/15983 batches | lr 5.00 | ms/batch 17.99 | loss  5.42 | ppl   225.85
INFO:root:| epoch   6 | 15500/15983 batches | lr 5.00 | ms/batch 18.20 | loss  5.44 | ppl   230.31
INFO:root:save figs in logs\2024-05-30_23-13-11
INFO:root:-----------------------------------------------------------------------------------------
INFO:root:| end of epoch   6 | time: 284.90s | valid loss  5.59 | valid ppl   267.86
INFO:root:-----------------------------------------------------------------------------------------
INFO:root:Model saved to logs\2024-05-30_23-13-11\model.pt
INFO:root:| epoch   7 |   500/15983 batches | lr 5.00 | ms/batch 17.98 | loss  5.52 | ppl   249.44
INFO:root:| epoch   7 |  1000/15983 batches | lr 5.00 | ms/batch 18.15 | loss  5.51 | ppl   247.39
INFO:root:| epoch   7 |  1500/15983 batches | lr 5.00 | ms/batch 18.15 | loss  5.54 | ppl   255.92
INFO:root:| epoch   7 |  2000/15983 batches | lr 5.00 | ms/batch 18.36 | loss  5.47 | ppl   236.59
INFO:root:| epoch   7 |  2500/15983 batches | lr 5.00 | ms/batch 18.35 | loss  5.44 | ppl   229.75
INFO:root:| epoch   7 |  3000/15983 batches | lr 5.00 | ms/batch 18.21 | loss  5.49 | ppl   241.83
INFO:root:| epoch   7 |  3500/15983 batches | lr 5.00 | ms/batch 18.63 | loss  5.50 | ppl   245.88
INFO:root:| epoch   7 |  4000/15983 batches | lr 5.00 | ms/batch 18.76 | loss  5.51 | ppl   247.67
INFO:root:| epoch   7 |  4500/15983 batches | lr 5.00 | ms/batch 20.20 | loss  5.51 | ppl   248.20
INFO:root:| epoch   7 |  5000/15983 batches | lr 5.00 | ms/batch 18.78 | loss  5.51 | ppl   247.04
INFO:root:| epoch   7 |  5500/15983 batches | lr 5.00 | ms/batch 19.04 | loss  5.49 | ppl   241.79
INFO:root:| epoch   7 |  6000/15983 batches | lr 5.00 | ms/batch 18.72 | loss  5.51 | ppl   247.86
INFO:root:| epoch   7 |  6500/15983 batches | lr 5.00 | ms/batch 17.61 | loss  5.48 | ppl   238.79
INFO:root:| epoch   7 |  7000/15983 batches | lr 5.00 | ms/batch 17.65 | loss  5.49 | ppl   243.29
INFO:root:| epoch   7 |  7500/15983 batches | lr 5.00 | ms/batch 17.53 | loss  5.45 | ppl   232.88
INFO:root:| epoch   7 |  8000/15983 batches | lr 5.00 | ms/batch 17.48 | loss  5.53 | ppl   251.16
INFO:root:| epoch   7 |  8500/15983 batches | lr 5.00 | ms/batch 17.65 | loss  5.47 | ppl   236.75
INFO:root:| epoch   7 |  9000/15983 batches | lr 5.00 | ms/batch 17.68 | loss  5.43 | ppl   228.75
INFO:root:| epoch   7 |  9500/15983 batches | lr 5.00 | ms/batch 19.20 | loss  5.45 | ppl   232.82
INFO:root:| epoch   7 | 10000/15983 batches | lr 5.00 | ms/batch 19.82 | loss  5.45 | ppl   232.61
INFO:root:| epoch   7 | 10500/15983 batches | lr 5.00 | ms/batch 20.64 | loss  5.48 | ppl   240.53
INFO:root:| epoch   7 | 11000/15983 batches | lr 5.00 | ms/batch 19.16 | loss  5.48 | ppl   238.77
INFO:root:| epoch   7 | 11500/15983 batches | lr 5.00 | ms/batch 18.71 | loss  5.46 | ppl   234.47
INFO:root:| epoch   7 | 12000/15983 batches | lr 5.00 | ms/batch 18.26 | loss  5.44 | ppl   229.89
INFO:root:| epoch   7 | 12500/15983 batches | lr 5.00 | ms/batch 17.50 | loss  5.41 | ppl   223.97
INFO:root:| epoch   7 | 13000/15983 batches | lr 5.00 | ms/batch 17.48 | loss  5.44 | ppl   230.06
INFO:root:| epoch   7 | 13500/15983 batches | lr 5.00 | ms/batch 17.63 | loss  5.46 | ppl   235.20
INFO:root:| epoch   7 | 14000/15983 batches | lr 5.00 | ms/batch 17.80 | loss  5.48 | ppl   240.81
INFO:root:| epoch   7 | 14500/15983 batches | lr 5.00 | ms/batch 17.98 | loss  5.41 | ppl   223.69
INFO:root:| epoch   7 | 15000/15983 batches | lr 5.00 | ms/batch 18.03 | loss  5.39 | ppl   219.13
INFO:root:| epoch   7 | 15500/15983 batches | lr 5.00 | ms/batch 17.77 | loss  5.41 | ppl   223.97
INFO:root:save figs in logs\2024-05-30_23-13-11
INFO:root:-----------------------------------------------------------------------------------------
INFO:root:| end of epoch   7 | time: 294.74s | valid loss  5.58 | valid ppl   264.60
INFO:root:-----------------------------------------------------------------------------------------
INFO:root:Model saved to logs\2024-05-30_23-13-11\model.pt
INFO:root:| epoch   8 |   500/15983 batches | lr 5.00 | ms/batch 17.89 | loss  5.49 | ppl   241.39
INFO:root:| epoch   8 |  1000/15983 batches | lr 5.00 | ms/batch 18.11 | loss  5.48 | ppl   239.43
INFO:root:| epoch   8 |  1500/15983 batches | lr 5.00 | ms/batch 17.81 | loss  5.51 | ppl   246.39
INFO:root:| epoch   8 |  2000/15983 batches | lr 5.00 | ms/batch 17.62 | loss  5.43 | ppl   229.16
INFO:root:| epoch   8 |  2500/15983 batches | lr 5.00 | ms/batch 17.64 | loss  5.41 | ppl   222.76
INFO:root:| epoch   8 |  3000/15983 batches | lr 5.00 | ms/batch 17.95 | loss  5.46 | ppl   234.49
INFO:root:| epoch   8 |  3500/15983 batches | lr 5.00 | ms/batch 17.63 | loss  5.47 | ppl   237.71
INFO:root:| epoch   8 |  4000/15983 batches | lr 5.00 | ms/batch 17.62 | loss  5.48 | ppl   240.06
INFO:root:| epoch   8 |  4500/15983 batches | lr 5.00 | ms/batch 17.75 | loss  5.48 | ppl   240.55
INFO:root:| epoch   8 |  5000/15983 batches | lr 5.00 | ms/batch 17.69 | loss  5.48 | ppl   240.37
INFO:root:| epoch   8 |  5500/15983 batches | lr 5.00 | ms/batch 18.13 | loss  5.46 | ppl   234.82
INFO:root:| epoch   8 |  6000/15983 batches | lr 5.00 | ms/batch 19.00 | loss  5.49 | ppl   241.35
INFO:root:| epoch   8 |  6500/15983 batches | lr 5.00 | ms/batch 17.88 | loss  5.45 | ppl   232.69
INFO:root:| epoch   8 |  7000/15983 batches | lr 5.00 | ms/batch 17.76 | loss  5.46 | ppl   236.12
INFO:root:| epoch   8 |  7500/15983 batches | lr 5.00 | ms/batch 17.55 | loss  5.43 | ppl   228.63
INFO:root:| epoch   8 |  8000/15983 batches | lr 5.00 | ms/batch 17.49 | loss  5.50 | ppl   245.86
INFO:root:| epoch   8 |  8500/15983 batches | lr 5.00 | ms/batch 17.41 | loss  5.44 | ppl   230.78
INFO:root:| epoch   8 |  9000/15983 batches | lr 5.00 | ms/batch 17.44 | loss  5.41 | ppl   223.49
INFO:root:| epoch   8 |  9500/15983 batches | lr 5.00 | ms/batch 17.58 | loss  5.43 | ppl   227.28
INFO:root:| epoch   8 | 10000/15983 batches | lr 5.00 | ms/batch 17.58 | loss  5.42 | ppl   226.37
INFO:root:| epoch   8 | 10500/15983 batches | lr 5.00 | ms/batch 17.56 | loss  5.46 | ppl   233.97
INFO:root:| epoch   8 | 11000/15983 batches | lr 5.00 | ms/batch 17.56 | loss  5.45 | ppl   233.32
INFO:root:| epoch   8 | 11500/15983 batches | lr 5.00 | ms/batch 17.58 | loss  5.43 | ppl   228.86
INFO:root:| epoch   8 | 12000/15983 batches | lr 5.00 | ms/batch 17.64 | loss  5.41 | ppl   224.64
INFO:root:| epoch   8 | 12500/15983 batches | lr 5.00 | ms/batch 17.52 | loss  5.39 | ppl   219.42
INFO:root:| epoch   8 | 13000/15983 batches | lr 5.00 | ms/batch 17.58 | loss  5.42 | ppl   224.98
INFO:root:| epoch   8 | 13500/15983 batches | lr 5.00 | ms/batch 17.52 | loss  5.44 | ppl   230.95
INFO:root:| epoch   8 | 14000/15983 batches | lr 5.00 | ms/batch 17.34 | loss  5.46 | ppl   235.28
INFO:root:| epoch   8 | 14500/15983 batches | lr 5.00 | ms/batch 17.37 | loss  5.39 | ppl   219.54
INFO:root:| epoch   8 | 15000/15983 batches | lr 5.00 | ms/batch 17.98 | loss  5.37 | ppl   215.00
INFO:root:| epoch   8 | 15500/15983 batches | lr 5.00 | ms/batch 17.94 | loss  5.39 | ppl   218.87
INFO:root:save figs in logs\2024-05-30_23-13-11
INFO:root:-----------------------------------------------------------------------------------------
INFO:root:| end of epoch   8 | time: 284.59s | valid loss  5.56 | valid ppl   259.82
INFO:root:-----------------------------------------------------------------------------------------
INFO:root:Model saved to logs\2024-05-30_23-13-11\model.pt
INFO:root:| epoch   9 |   500/15983 batches | lr 5.00 | ms/batch 17.49 | loss  5.46 | ppl   235.80
INFO:root:| epoch   9 |  1000/15983 batches | lr 5.00 | ms/batch 17.46 | loss  5.45 | ppl   233.92
INFO:root:| epoch   9 |  1500/15983 batches | lr 5.00 | ms/batch 17.85 | loss  5.48 | ppl   241.01
INFO:root:| epoch   9 |  2000/15983 batches | lr 5.00 | ms/batch 17.33 | loss  5.41 | ppl   224.68
INFO:root:| epoch   9 |  2500/15983 batches | lr 5.00 | ms/batch 17.39 | loss  5.38 | ppl   217.93
INFO:root:| epoch   9 |  3000/15983 batches | lr 5.00 | ms/batch 17.40 | loss  5.43 | ppl   229.00
INFO:root:| epoch   9 |  3500/15983 batches | lr 5.00 | ms/batch 17.47 | loss  5.45 | ppl   232.80
INFO:root:| epoch   9 |  4000/15983 batches | lr 5.00 | ms/batch 17.59 | loss  5.46 | ppl   234.06
INFO:root:| epoch   9 |  4500/15983 batches | lr 5.00 | ms/batch 17.57 | loss  5.46 | ppl   235.18
INFO:root:| epoch   9 |  5000/15983 batches | lr 5.00 | ms/batch 17.62 | loss  5.46 | ppl   236.22
INFO:root:| epoch   9 |  5500/15983 batches | lr 5.00 | ms/batch 19.23 | loss  5.44 | ppl   230.26
INFO:root:| epoch   9 |  6000/15983 batches | lr 5.00 | ms/batch 18.18 | loss  5.46 | ppl   235.37
INFO:root:| epoch   9 |  6500/15983 batches | lr 5.00 | ms/batch 17.57 | loss  5.42 | ppl   226.27
INFO:root:| epoch   9 |  7000/15983 batches | lr 5.00 | ms/batch 45.83 | loss  5.44 | ppl   230.65
INFO:root:| epoch   9 |  7500/15983 batches | lr 5.00 | ms/batch 69.26 | loss  5.41 | ppl   222.59
INFO:root:| epoch   9 |  8000/15983 batches | lr 5.00 | ms/batch 69.26 | loss  5.47 | ppl   238.42
INFO:root:| epoch   9 |  8500/15983 batches | lr 5.00 | ms/batch 69.66 | loss  5.41 | ppl   224.57
INFO:root:| epoch   9 |  9000/15983 batches | lr 5.00 | ms/batch 69.66 | loss  5.38 | ppl   217.96
INFO:root:| epoch   9 |  9500/15983 batches | lr 5.00 | ms/batch 70.22 | loss  5.40 | ppl   221.90
INFO:root:| epoch   9 | 10000/15983 batches | lr 5.00 | ms/batch 69.14 | loss  5.40 | ppl   220.72
INFO:root:| epoch   9 | 10500/15983 batches | lr 5.00 | ms/batch 69.67 | loss  5.43 | ppl   228.06
INFO:root:| epoch   9 | 11000/15983 batches | lr 5.00 | ms/batch 69.34 | loss  5.43 | ppl   228.05
INFO:root:| epoch   9 | 11500/15983 batches | lr 5.00 | ms/batch 70.00 | loss  5.41 | ppl   224.71
INFO:root:| epoch   9 | 12000/15983 batches | lr 5.00 | ms/batch 71.14 | loss  5.40 | ppl   220.32
INFO:root:| epoch   9 | 12500/15983 batches | lr 5.00 | ms/batch 71.03 | loss  5.37 | ppl   215.43
INFO:root:| epoch   9 | 13000/15983 batches | lr 5.00 | ms/batch 70.86 | loss  5.40 | ppl   221.27
INFO:root:| epoch   9 | 13500/15983 batches | lr 5.00 | ms/batch 70.42 | loss  5.42 | ppl   225.32
INFO:root:| epoch   9 | 14000/15983 batches | lr 5.00 | ms/batch 70.59 | loss  5.44 | ppl   230.66
INFO:root:| epoch   9 | 14500/15983 batches | lr 5.00 | ms/batch 70.51 | loss  5.37 | ppl   214.86
INFO:root:| epoch   9 | 15000/15983 batches | lr 5.00 | ms/batch 70.57 | loss  5.35 | ppl   211.22
INFO:root:| epoch   9 | 15500/15983 batches | lr 5.00 | ms/batch 70.63 | loss  5.37 | ppl   214.75
INFO:root:save figs in logs\2024-05-30_23-13-11
INFO:root:-----------------------------------------------------------------------------------------
INFO:root:| end of epoch   9 | time: 774.15s | valid loss  5.55 | valid ppl   258.31
INFO:root:-----------------------------------------------------------------------------------------
INFO:root:Model saved to logs\2024-05-30_23-13-11\model.pt
INFO:root:| epoch  10 |   500/15983 batches | lr 5.00 | ms/batch 70.88 | loss  5.44 | ppl   231.44
INFO:root:| epoch  10 |  1000/15983 batches | lr 5.00 | ms/batch 70.34 | loss  5.43 | ppl   228.66
INFO:root:| epoch  10 |  1500/15983 batches | lr 5.00 | ms/batch 70.43 | loss  5.46 | ppl   234.82
INFO:root:| epoch  10 |  2000/15983 batches | lr 5.00 | ms/batch 70.33 | loss  5.39 | ppl   219.14
INFO:root:| epoch  10 |  2500/15983 batches | lr 5.00 | ms/batch 70.36 | loss  5.37 | ppl   213.80
INFO:root:| epoch  10 |  3000/15983 batches | lr 5.00 | ms/batch 70.28 | loss  5.41 | ppl   224.03
INFO:root:| epoch  10 |  3500/15983 batches | lr 5.00 | ms/batch 70.47 | loss  5.43 | ppl   228.26
INFO:root:| epoch  10 |  4000/15983 batches | lr 5.00 | ms/batch 70.44 | loss  5.43 | ppl   229.15
INFO:root:| epoch  10 |  4500/15983 batches | lr 5.00 | ms/batch 71.08 | loss  5.44 | ppl   230.28
INFO:root:| epoch  10 |  5000/15983 batches | lr 5.00 | ms/batch 20.81 | loss  5.44 | ppl   230.28
INFO:root:| epoch  10 |  5500/15983 batches | lr 5.00 | ms/batch 20.56 | loss  5.42 | ppl   224.94
INFO:root:| epoch  10 |  6000/15983 batches | lr 5.00 | ms/batch 18.65 | loss  5.44 | ppl   229.38
INFO:root:| epoch  10 |  6500/15983 batches | lr 5.00 | ms/batch 19.23 | loss  5.40 | ppl   220.90
INFO:root:| epoch  10 |  7000/15983 batches | lr 5.00 | ms/batch 18.23 | loss  5.42 | ppl   225.90
INFO:root:| epoch  10 |  7500/15983 batches | lr 5.00 | ms/batch 18.11 | loss  5.38 | ppl   217.85
INFO:root:| epoch  10 |  8000/15983 batches | lr 5.00 | ms/batch 18.90 | loss  5.45 | ppl   233.18
INFO:root:| epoch  10 |  8500/15983 batches | lr 5.00 | ms/batch 20.57 | loss  5.39 | ppl   220.13
INFO:root:| epoch  10 |  9000/15983 batches | lr 5.00 | ms/batch 18.79 | loss  5.37 | ppl   214.67
INFO:root:| epoch  10 |  9500/15983 batches | lr 5.00 | ms/batch 18.17 | loss  5.38 | ppl   217.40
INFO:root:| epoch  10 | 10000/15983 batches | lr 5.00 | ms/batch 18.09 | loss  5.38 | ppl   216.14
INFO:root:| epoch  10 | 10500/15983 batches | lr 5.00 | ms/batch 17.92 | loss  5.41 | ppl   223.79
INFO:root:| epoch  10 | 11000/15983 batches | lr 5.00 | ms/batch 17.90 | loss  5.41 | ppl   223.68
INFO:root:| epoch  10 | 11500/15983 batches | lr 5.00 | ms/batch 18.25 | loss  5.39 | ppl   219.89
INFO:root:| epoch  10 | 12000/15983 batches | lr 5.00 | ms/batch 18.29 | loss  5.38 | ppl   216.03
INFO:root:| epoch  10 | 12500/15983 batches | lr 5.00 | ms/batch 18.18 | loss  5.35 | ppl   209.88
INFO:root:| epoch  10 | 13000/15983 batches | lr 5.00 | ms/batch 17.96 | loss  5.37 | ppl   215.67
INFO:root:| epoch  10 | 13500/15983 batches | lr 5.00 | ms/batch 17.89 | loss  5.39 | ppl   220.14
INFO:root:| epoch  10 | 14000/15983 batches | lr 5.00 | ms/batch 18.60 | loss  5.42 | ppl   225.52
INFO:root:| epoch  10 | 14500/15983 batches | lr 5.00 | ms/batch 18.28 | loss  5.34 | ppl   209.52
INFO:root:| epoch  10 | 15000/15983 batches | lr 5.00 | ms/batch 18.40 | loss  5.33 | ppl   206.50
INFO:root:| epoch  10 | 15500/15983 batches | lr 5.00 | ms/batch 18.44 | loss  5.35 | ppl   210.29
INFO:root:save figs in logs\2024-05-30_23-13-11
INFO:root:-----------------------------------------------------------------------------------------
INFO:root:| end of epoch  10 | time: 533.01s | valid loss  5.54 | valid ppl   255.53
INFO:root:-----------------------------------------------------------------------------------------
INFO:root:Model saved to logs\2024-05-30_23-13-11\model.pt
INFO:root:| epoch  11 |   500/15983 batches | lr 5.00 | ms/batch 17.78 | loss  5.42 | ppl   225.71
INFO:root:| epoch  11 |  1000/15983 batches | lr 5.00 | ms/batch 17.46 | loss  5.41 | ppl   223.87
INFO:root:| epoch  11 |  1500/15983 batches | lr 5.00 | ms/batch 17.55 | loss  5.44 | ppl   229.42
INFO:root:| epoch  11 |  2000/15983 batches | lr 5.00 | ms/batch 17.59 | loss  5.36 | ppl   213.78
INFO:root:| epoch  11 |  2500/15983 batches | lr 5.00 | ms/batch 17.60 | loss  5.34 | ppl   208.55
INFO:root:| epoch  11 |  3000/15983 batches | lr 5.00 | ms/batch 17.48 | loss  5.39 | ppl   218.74
INFO:root:| epoch  11 |  3500/15983 batches | lr 5.00 | ms/batch 17.64 | loss  5.41 | ppl   222.88
INFO:root:| epoch  11 |  4000/15983 batches | lr 5.00 | ms/batch 17.56 | loss  5.41 | ppl   223.65
INFO:root:| epoch  11 |  4500/15983 batches | lr 5.00 | ms/batch 17.56 | loss  5.42 | ppl   225.39
INFO:root:| epoch  11 |  5000/15983 batches | lr 5.00 | ms/batch 17.60 | loss  5.42 | ppl   225.62
INFO:root:| epoch  11 |  5500/15983 batches | lr 5.00 | ms/batch 17.55 | loss  5.40 | ppl   221.88
INFO:root:| epoch  11 |  6000/15983 batches | lr 5.00 | ms/batch 17.50 | loss  5.42 | ppl   226.69
INFO:root:| epoch  11 |  6500/15983 batches | lr 5.00 | ms/batch 17.57 | loss  5.38 | ppl   217.58
INFO:root:| epoch  11 |  7000/15983 batches | lr 5.00 | ms/batch 17.67 | loss  5.40 | ppl   221.85
INFO:root:| epoch  11 |  7500/15983 batches | lr 5.00 | ms/batch 17.55 | loss  5.37 | ppl   214.51
INFO:root:| epoch  11 |  8000/15983 batches | lr 5.00 | ms/batch 17.50 | loss  5.44 | ppl   229.43
INFO:root:| epoch  11 |  8500/15983 batches | lr 5.00 | ms/batch 17.50 | loss  5.38 | ppl   215.96
INFO:root:| epoch  11 |  9000/15983 batches | lr 5.00 | ms/batch 17.50 | loss  5.35 | ppl   211.37
INFO:root:| epoch  11 |  9500/15983 batches | lr 5.00 | ms/batch 17.59 | loss  5.37 | ppl   213.89
INFO:root:| epoch  11 | 10000/15983 batches | lr 5.00 | ms/batch 17.38 | loss  5.36 | ppl   213.14
INFO:root:| epoch  11 | 10500/15983 batches | lr 5.00 | ms/batch 18.19 | loss  5.39 | ppl   219.98
INFO:root:| epoch  11 | 11000/15983 batches | lr 5.00 | ms/batch 17.87 | loss  5.39 | ppl   219.64
INFO:root:| epoch  11 | 11500/15983 batches | lr 5.00 | ms/batch 17.88 | loss  5.38 | ppl   216.70
INFO:root:| epoch  11 | 12000/15983 batches | lr 5.00 | ms/batch 17.99 | loss  5.36 | ppl   213.67
INFO:root:| epoch  11 | 12500/15983 batches | lr 5.00 | ms/batch 17.94 | loss  5.33 | ppl   206.91
INFO:root:| epoch  11 | 13000/15983 batches | lr 5.00 | ms/batch 17.72 | loss  5.36 | ppl   213.05
INFO:root:| epoch  11 | 13500/15983 batches | lr 5.00 | ms/batch 17.60 | loss  5.38 | ppl   217.18
INFO:root:| epoch  11 | 14000/15983 batches | lr 5.00 | ms/batch 17.58 | loss  5.40 | ppl   222.07
INFO:root:| epoch  11 | 14500/15983 batches | lr 5.00 | ms/batch 17.38 | loss  5.33 | ppl   206.89
INFO:root:| epoch  11 | 15000/15983 batches | lr 5.00 | ms/batch 17.56 | loss  5.31 | ppl   203.21
INFO:root:| epoch  11 | 15500/15983 batches | lr 5.00 | ms/batch 17.37 | loss  5.33 | ppl   207.19
INFO:root:save figs in logs\2024-05-30_23-13-11
INFO:root:-----------------------------------------------------------------------------------------
INFO:root:| end of epoch  11 | time: 283.08s | valid loss  5.53 | valid ppl   251.88
INFO:root:-----------------------------------------------------------------------------------------
INFO:root:Model saved to logs\2024-05-30_23-13-11\model.pt
INFO:root:| epoch  12 |   500/15983 batches | lr 5.00 | ms/batch 17.43 | loss  5.41 | ppl   222.74
INFO:root:| epoch  12 |  1000/15983 batches | lr 5.00 | ms/batch 17.37 | loss  5.40 | ppl   221.08
INFO:root:| epoch  12 |  1500/15983 batches | lr 5.00 | ms/batch 17.45 | loss  5.42 | ppl   226.45
INFO:root:| epoch  12 |  2000/15983 batches | lr 5.00 | ms/batch 17.26 | loss  5.36 | ppl   211.72
INFO:root:| epoch  12 |  2500/15983 batches | lr 5.00 | ms/batch 17.55 | loss  5.33 | ppl   205.81
INFO:root:| epoch  12 |  3000/15983 batches | lr 5.00 | ms/batch 17.67 | loss  5.37 | ppl   215.57
INFO:root:| epoch  12 |  3500/15983 batches | lr 5.00 | ms/batch 17.72 | loss  5.40 | ppl   220.77
INFO:root:| epoch  12 |  4000/15983 batches | lr 5.00 | ms/batch 17.33 | loss  5.39 | ppl   219.44
INFO:root:| epoch  12 |  4500/15983 batches | lr 5.00 | ms/batch 17.51 | loss  5.40 | ppl   220.90
INFO:root:| epoch  12 |  5000/15983 batches | lr 5.00 | ms/batch 17.75 | loss  5.40 | ppl   220.89
INFO:root:| epoch  12 |  5500/15983 batches | lr 5.00 | ms/batch 17.81 | loss  5.38 | ppl   218.01
INFO:root:| epoch  12 |  6000/15983 batches | lr 5.00 | ms/batch 17.48 | loss  5.41 | ppl   222.82
INFO:root:| epoch  12 |  6500/15983 batches | lr 5.00 | ms/batch 17.41 | loss  5.37 | ppl   214.68
INFO:root:| epoch  12 |  7000/15983 batches | lr 5.00 | ms/batch 17.32 | loss  5.39 | ppl   218.23
INFO:root:| epoch  12 |  7500/15983 batches | lr 5.00 | ms/batch 17.41 | loss  5.35 | ppl   210.78
INFO:root:| epoch  12 |  8000/15983 batches | lr 5.00 | ms/batch 17.42 | loss  5.42 | ppl   226.49
INFO:root:| epoch  12 |  8500/15983 batches | lr 5.00 | ms/batch 17.41 | loss  5.36 | ppl   212.51
INFO:root:| epoch  12 |  9000/15983 batches | lr 5.00 | ms/batch 17.44 | loss  5.33 | ppl   206.61
INFO:root:| epoch  12 |  9500/15983 batches | lr 5.00 | ms/batch 17.35 | loss  5.35 | ppl   210.33
INFO:root:| epoch  12 | 10000/15983 batches | lr 5.00 | ms/batch 17.37 | loss  5.35 | ppl   210.29
INFO:root:| epoch  12 | 10500/15983 batches | lr 5.00 | ms/batch 17.43 | loss  5.38 | ppl   217.27
INFO:root:| epoch  12 | 11000/15983 batches | lr 5.00 | ms/batch 17.42 | loss  5.38 | ppl   216.13
INFO:root:| epoch  12 | 11500/15983 batches | lr 5.00 | ms/batch 17.39 | loss  5.36 | ppl   213.52
INFO:root:| epoch  12 | 12000/15983 batches | lr 5.00 | ms/batch 17.41 | loss  5.35 | ppl   210.57
INFO:root:| epoch  12 | 12500/15983 batches | lr 5.00 | ms/batch 17.34 | loss  5.32 | ppl   204.39
INFO:root:| epoch  12 | 13000/15983 batches | lr 5.00 | ms/batch 17.39 | loss  5.34 | ppl   209.26
INFO:root:| epoch  12 | 13500/15983 batches | lr 5.00 | ms/batch 17.38 | loss  5.37 | ppl   214.36
INFO:root:| epoch  12 | 14000/15983 batches | lr 5.00 | ms/batch 17.54 | loss  5.39 | ppl   219.07
INFO:root:| epoch  12 | 14500/15983 batches | lr 5.00 | ms/batch 17.43 | loss  5.32 | ppl   204.48
INFO:root:| epoch  12 | 15000/15983 batches | lr 5.00 | ms/batch 17.34 | loss  5.30 | ppl   200.79
INFO:root:| epoch  12 | 15500/15983 batches | lr 5.00 | ms/batch 17.42 | loss  5.32 | ppl   205.37
INFO:root:save figs in logs\2024-05-30_23-13-11
INFO:root:-----------------------------------------------------------------------------------------
INFO:root:| end of epoch  12 | time: 280.43s | valid loss  5.51 | valid ppl   248.04
INFO:root:-----------------------------------------------------------------------------------------
INFO:root:Model saved to logs\2024-05-30_23-13-11\model.pt
INFO:root:| epoch  13 |   500/15983 batches | lr 5.00 | ms/batch 17.42 | loss  5.39 | ppl   219.26
INFO:root:| epoch  13 |  1000/15983 batches | lr 5.00 | ms/batch 17.35 | loss  5.38 | ppl   218.01
INFO:root:| epoch  13 |  1500/15983 batches | lr 5.00 | ms/batch 17.39 | loss  5.41 | ppl   223.81
INFO:root:| epoch  13 |  2000/15983 batches | lr 5.00 | ms/batch 17.56 | loss  5.34 | ppl   208.24
INFO:root:| epoch  13 |  2500/15983 batches | lr 5.00 | ms/batch 17.57 | loss  5.31 | ppl   202.70
INFO:root:| epoch  13 |  3000/15983 batches | lr 5.00 | ms/batch 17.35 | loss  5.36 | ppl   212.86
INFO:root:| epoch  13 |  3500/15983 batches | lr 5.00 | ms/batch 17.53 | loss  5.38 | ppl   217.01
INFO:root:| epoch  13 |  4000/15983 batches | lr 5.00 | ms/batch 17.50 | loss  5.38 | ppl   216.14
INFO:root:| epoch  13 |  4500/15983 batches | lr 5.00 | ms/batch 17.36 | loss  5.39 | ppl   218.61
INFO:root:| epoch  13 |  5000/15983 batches | lr 5.00 | ms/batch 17.52 | loss  5.39 | ppl   218.67
INFO:root:| epoch  13 |  5500/15983 batches | lr 5.00 | ms/batch 17.54 | loss  5.37 | ppl   214.84
INFO:root:| epoch  13 |  6000/15983 batches | lr 5.00 | ms/batch 17.54 | loss  5.39 | ppl   220.03
INFO:root:| epoch  13 |  6500/15983 batches | lr 5.00 | ms/batch 17.43 | loss  5.36 | ppl   213.14
INFO:root:| epoch  13 |  7000/15983 batches | lr 5.00 | ms/batch 17.69 | loss  5.38 | ppl   216.15
INFO:root:| epoch  13 |  7500/15983 batches | lr 5.00 | ms/batch 17.83 | loss  5.34 | ppl   208.53
INFO:root:| epoch  13 |  8000/15983 batches | lr 5.00 | ms/batch 17.53 | loss  5.41 | ppl   223.54
INFO:root:| epoch  13 |  8500/15983 batches | lr 5.00 | ms/batch 17.43 | loss  5.35 | ppl   211.20
INFO:root:| epoch  13 |  9000/15983 batches | lr 5.00 | ms/batch 17.47 | loss  5.32 | ppl   205.23
INFO:root:| epoch  13 |  9500/15983 batches | lr 5.00 | ms/batch 17.40 | loss  5.34 | ppl   208.55
INFO:root:| epoch  13 | 10000/15983 batches | lr 5.00 | ms/batch 17.48 | loss  5.34 | ppl   208.43
INFO:root:| epoch  13 | 10500/15983 batches | lr 5.00 | ms/batch 17.33 | loss  5.37 | ppl   215.15
INFO:root:| epoch  13 | 11000/15983 batches | lr 5.00 | ms/batch 17.66 | loss  5.37 | ppl   213.86
INFO:root:| epoch  13 | 11500/15983 batches | lr 5.00 | ms/batch 17.42 | loss  5.35 | ppl   211.19
INFO:root:| epoch  13 | 12000/15983 batches | lr 5.00 | ms/batch 17.44 | loss  5.34 | ppl   208.17
INFO:root:| epoch  13 | 12500/15983 batches | lr 5.00 | ms/batch 17.46 | loss  5.31 | ppl   201.87
INFO:root:| epoch  13 | 13000/15983 batches | lr 5.00 | ms/batch 17.59 | loss  5.33 | ppl   206.95
INFO:root:| epoch  13 | 13500/15983 batches | lr 5.00 | ms/batch 17.38 | loss  5.35 | ppl   211.35
INFO:root:| epoch  13 | 14000/15983 batches | lr 5.00 | ms/batch 17.45 | loss  5.38 | ppl   216.08
INFO:root:| epoch  13 | 14500/15983 batches | lr 5.00 | ms/batch 17.58 | loss  5.31 | ppl   202.28
INFO:root:| epoch  13 | 15000/15983 batches | lr 5.00 | ms/batch 17.47 | loss  5.29 | ppl   199.12
INFO:root:| epoch  13 | 15500/15983 batches | lr 5.00 | ms/batch 17.52 | loss  5.31 | ppl   202.04
INFO:root:save figs in logs\2024-05-30_23-13-11
INFO:root:-----------------------------------------------------------------------------------------
INFO:root:| end of epoch  13 | time: 281.19s | valid loss  5.48 | valid ppl   240.76
INFO:root:-----------------------------------------------------------------------------------------
INFO:root:Model saved to logs\2024-05-30_23-13-11\model.pt
INFO:root:| epoch  14 |   500/15983 batches | lr 5.00 | ms/batch 17.85 | loss  5.38 | ppl   217.09
INFO:root:| epoch  14 |  1000/15983 batches | lr 5.00 | ms/batch 18.00 | loss  5.37 | ppl   214.76
INFO:root:| epoch  14 |  1500/15983 batches | lr 5.00 | ms/batch 18.09 | loss  5.39 | ppl   219.92
INFO:root:| epoch  14 |  2000/15983 batches | lr 5.00 | ms/batch 17.82 | loss  5.33 | ppl   205.65
INFO:root:| epoch  14 |  2500/15983 batches | lr 5.00 | ms/batch 17.99 | loss  5.30 | ppl   200.58
INFO:root:| epoch  14 |  3000/15983 batches | lr 5.00 | ms/batch 18.16 | loss  5.35 | ppl   210.65
INFO:root:| epoch  14 |  3500/15983 batches | lr 5.00 | ms/batch 17.88 | loss  5.37 | ppl   214.58
INFO:root:| epoch  14 |  4000/15983 batches | lr 5.00 | ms/batch 17.72 | loss  5.37 | ppl   214.49
INFO:root:| epoch  14 |  4500/15983 batches | lr 5.00 | ms/batch 17.83 | loss  5.37 | ppl   215.07
INFO:root:| epoch  14 |  5000/15983 batches | lr 5.00 | ms/batch 17.95 | loss  5.38 | ppl   216.45
INFO:root:| epoch  14 |  5500/15983 batches | lr 5.00 | ms/batch 17.85 | loss  5.36 | ppl   212.63
INFO:root:| epoch  14 |  6000/15983 batches | lr 5.00 | ms/batch 17.93 | loss  5.38 | ppl   217.21
INFO:root:| epoch  14 |  6500/15983 batches | lr 5.00 | ms/batch 17.88 | loss  5.34 | ppl   209.11
INFO:root:| epoch  14 |  7000/15983 batches | lr 5.00 | ms/batch 17.74 | loss  5.36 | ppl   212.74
INFO:root:| epoch  14 |  7500/15983 batches | lr 5.00 | ms/batch 17.78 | loss  5.33 | ppl   206.07
INFO:root:| epoch  14 |  8000/15983 batches | lr 5.00 | ms/batch 17.91 | loss  5.39 | ppl   219.85
INFO:root:| epoch  14 |  8500/15983 batches | lr 5.00 | ms/batch 17.83 | loss  5.34 | ppl   207.64
INFO:root:| epoch  14 |  9000/15983 batches | lr 5.00 | ms/batch 18.16 | loss  5.31 | ppl   201.97
INFO:root:| epoch  14 |  9500/15983 batches | lr 5.00 | ms/batch 18.13 | loss  5.32 | ppl   204.93
INFO:root:| epoch  14 | 10000/15983 batches | lr 5.00 | ms/batch 17.69 | loss  5.32 | ppl   203.86
INFO:root:| epoch  14 | 10500/15983 batches | lr 5.00 | ms/batch 17.87 | loss  5.36 | ppl   211.72
INFO:root:| epoch  14 | 11000/15983 batches | lr 5.00 | ms/batch 17.70 | loss  5.35 | ppl   210.95
INFO:root:| epoch  14 | 11500/15983 batches | lr 5.00 | ms/batch 17.72 | loss  5.34 | ppl   208.01
INFO:root:| epoch  14 | 12000/15983 batches | lr 5.00 | ms/batch 17.72 | loss  5.33 | ppl   205.42
INFO:root:| epoch  14 | 12500/15983 batches | lr 5.00 | ms/batch 17.73 | loss  5.30 | ppl   199.46
INFO:root:| epoch  14 | 13000/15983 batches | lr 5.00 | ms/batch 17.76 | loss  5.32 | ppl   204.25
INFO:root:| epoch  14 | 13500/15983 batches | lr 5.00 | ms/batch 17.82 | loss  5.34 | ppl   208.70
INFO:root:| epoch  14 | 14000/15983 batches | lr 5.00 | ms/batch 17.84 | loss  5.36 | ppl   213.32
INFO:root:| epoch  14 | 14500/15983 batches | lr 5.00 | ms/batch 17.67 | loss  5.30 | ppl   199.83
INFO:root:| epoch  14 | 15000/15983 batches | lr 5.00 | ms/batch 17.69 | loss  5.28 | ppl   196.03
INFO:root:| epoch  14 | 15500/15983 batches | lr 5.00 | ms/batch 17.81 | loss  5.30 | ppl   199.38
INFO:root:save figs in logs\2024-05-30_23-13-11
INFO:root:-----------------------------------------------------------------------------------------
INFO:root:| end of epoch  14 | time: 287.07s | valid loss  5.49 | valid ppl   243.13
INFO:root:-----------------------------------------------------------------------------------------
INFO:root:| epoch  15 |   500/15983 batches | lr 1.25 | ms/batch 17.83 | loss  5.36 | ppl   212.04
INFO:root:| epoch  15 |  1000/15983 batches | lr 1.25 | ms/batch 18.02 | loss  5.34 | ppl   208.77
INFO:root:| epoch  15 |  1500/15983 batches | lr 1.25 | ms/batch 18.17 | loss  5.37 | ppl   214.59
INFO:root:| epoch  15 |  2000/15983 batches | lr 1.25 | ms/batch 18.25 | loss  5.29 | ppl   198.68
INFO:root:| epoch  15 |  2500/15983 batches | lr 1.25 | ms/batch 17.78 | loss  5.26 | ppl   191.62
INFO:root:| epoch  15 |  3000/15983 batches | lr 1.25 | ms/batch 18.00 | loss  5.31 | ppl   202.33
INFO:root:| epoch  15 |  3500/15983 batches | lr 1.25 | ms/batch 17.95 | loss  5.33 | ppl   205.64
INFO:root:| epoch  15 |  4000/15983 batches | lr 1.25 | ms/batch 17.99 | loss  5.33 | ppl   206.46
INFO:root:| epoch  15 |  4500/15983 batches | lr 1.25 | ms/batch 17.99 | loss  5.33 | ppl   207.10
INFO:root:| epoch  15 |  5000/15983 batches | lr 1.25 | ms/batch 17.88 | loss  5.34 | ppl   207.50
INFO:root:| epoch  15 |  5500/15983 batches | lr 1.25 | ms/batch 18.20 | loss  5.32 | ppl   203.87
INFO:root:| epoch  15 |  6000/15983 batches | lr 1.25 | ms/batch 18.69 | loss  5.34 | ppl   209.31
INFO:root:| epoch  15 |  6500/15983 batches | lr 1.25 | ms/batch 18.75 | loss  5.30 | ppl   201.20
INFO:root:| epoch  15 |  7000/15983 batches | lr 1.25 | ms/batch 18.38 | loss  5.32 | ppl   204.19
INFO:root:| epoch  15 |  7500/15983 batches | lr 1.25 | ms/batch 18.47 | loss  5.28 | ppl   197.03
INFO:root:| epoch  15 |  8000/15983 batches | lr 1.25 | ms/batch 18.92 | loss  5.35 | ppl   210.81
INFO:root:| epoch  15 |  8500/15983 batches | lr 1.25 | ms/batch 18.08 | loss  5.29 | ppl   197.94
INFO:root:| epoch  15 |  9000/15983 batches | lr 1.25 | ms/batch 18.05 | loss  5.26 | ppl   191.95
INFO:root:| epoch  15 |  9500/15983 batches | lr 1.25 | ms/batch 18.32 | loss  5.27 | ppl   194.85
INFO:root:| epoch  15 | 10000/15983 batches | lr 1.25 | ms/batch 18.88 | loss  5.27 | ppl   194.29
INFO:root:| epoch  15 | 10500/15983 batches | lr 1.25 | ms/batch 19.03 | loss  5.30 | ppl   200.08
INFO:root:| epoch  15 | 11000/15983 batches | lr 1.25 | ms/batch 19.61 | loss  5.30 | ppl   199.76
INFO:root:| epoch  15 | 11500/15983 batches | lr 1.25 | ms/batch 20.62 | loss  5.28 | ppl   197.00
INFO:root:| epoch  15 | 12000/15983 batches | lr 1.25 | ms/batch 20.88 | loss  5.26 | ppl   192.69
INFO:root:| epoch  15 | 12500/15983 batches | lr 1.25 | ms/batch 20.35 | loss  5.23 | ppl   187.49
INFO:root:| epoch  15 | 13000/15983 batches | lr 1.25 | ms/batch 20.34 | loss  5.26 | ppl   191.97
INFO:root:| epoch  15 | 13500/15983 batches | lr 1.25 | ms/batch 20.03 | loss  5.28 | ppl   196.04
INFO:root:| epoch  15 | 14000/15983 batches | lr 1.25 | ms/batch 20.51 | loss  5.30 | ppl   200.52
INFO:root:| epoch  15 | 14500/15983 batches | lr 1.25 | ms/batch 20.61 | loss  5.23 | ppl   187.09
INFO:root:| epoch  15 | 15000/15983 batches | lr 1.25 | ms/batch 18.97 | loss  5.21 | ppl   183.63
INFO:root:| epoch  15 | 15500/15983 batches | lr 1.25 | ms/batch 17.97 | loss  5.23 | ppl   185.96
INFO:root:save figs in logs\2024-05-30_23-13-11
INFO:root:-----------------------------------------------------------------------------------------
INFO:root:| end of epoch  15 | time: 301.79s | valid loss  5.42 | valid ppl   226.24
INFO:root:-----------------------------------------------------------------------------------------
INFO:root:Model saved to logs\2024-05-30_23-13-11\model.pt
INFO:root:| epoch  16 |   500/15983 batches | lr 1.25 | ms/batch 17.36 | loss  5.31 | ppl   203.18
INFO:root:| epoch  16 |  1000/15983 batches | lr 1.25 | ms/batch 17.52 | loss  5.31 | ppl   202.04
INFO:root:| epoch  16 |  1500/15983 batches | lr 1.25 | ms/batch 17.55 | loss  5.34 | ppl   208.76
INFO:root:| epoch  16 |  2000/15983 batches | lr 1.25 | ms/batch 17.57 | loss  5.27 | ppl   193.82
INFO:root:| epoch  16 |  2500/15983 batches | lr 1.25 | ms/batch 17.40 | loss  5.23 | ppl   187.70
INFO:root:| epoch  16 |  3000/15983 batches | lr 1.25 | ms/batch 17.49 | loss  5.29 | ppl   197.80
INFO:root:| epoch  16 |  3500/15983 batches | lr 1.25 | ms/batch 17.50 | loss  5.30 | ppl   201.15
INFO:root:| epoch  16 |  4000/15983 batches | lr 1.25 | ms/batch 17.44 | loss  5.31 | ppl   201.85
INFO:root:| epoch  16 |  4500/15983 batches | lr 1.25 | ms/batch 17.51 | loss  5.31 | ppl   203.12
INFO:root:| epoch  16 |  5000/15983 batches | lr 1.25 | ms/batch 17.47 | loss  5.31 | ppl   202.53
INFO:root:| epoch  16 |  5500/15983 batches | lr 1.25 | ms/batch 17.53 | loss  5.30 | ppl   199.70
INFO:root:| epoch  16 |  6000/15983 batches | lr 1.25 | ms/batch 17.50 | loss  5.33 | ppl   205.66
INFO:root:| epoch  16 |  6500/15983 batches | lr 1.25 | ms/batch 17.77 | loss  5.28 | ppl   197.05
INFO:root:| epoch  16 |  7000/15983 batches | lr 1.25 | ms/batch 17.45 | loss  5.30 | ppl   200.67
INFO:root:| epoch  16 |  7500/15983 batches | lr 1.25 | ms/batch 17.52 | loss  5.27 | ppl   194.29
INFO:root:| epoch  16 |  8000/15983 batches | lr 1.25 | ms/batch 17.39 | loss  5.34 | ppl   208.22
INFO:root:| epoch  16 |  8500/15983 batches | lr 1.25 | ms/batch 17.48 | loss  5.27 | ppl   194.75
INFO:root:| epoch  16 |  9000/15983 batches | lr 1.25 | ms/batch 17.65 | loss  5.25 | ppl   189.96
INFO:root:| epoch  16 |  9500/15983 batches | lr 1.25 | ms/batch 17.53 | loss  5.26 | ppl   193.38
INFO:root:| epoch  16 | 10000/15983 batches | lr 1.25 | ms/batch 17.43 | loss  5.26 | ppl   191.62
INFO:root:| epoch  16 | 10500/15983 batches | lr 1.25 | ms/batch 17.52 | loss  5.29 | ppl   197.55
INFO:root:| epoch  16 | 11000/15983 batches | lr 1.25 | ms/batch 17.49 | loss  5.29 | ppl   197.64
INFO:root:| epoch  16 | 11500/15983 batches | lr 1.25 | ms/batch 17.41 | loss  5.27 | ppl   194.65
INFO:root:| epoch  16 | 12000/15983 batches | lr 1.25 | ms/batch 17.42 | loss  5.25 | ppl   190.62
INFO:root:| epoch  16 | 12500/15983 batches | lr 1.25 | ms/batch 17.59 | loss  5.23 | ppl   186.13
INFO:root:| epoch  16 | 13000/15983 batches | lr 1.25 | ms/batch 17.51 | loss  5.25 | ppl   189.83
INFO:root:| epoch  16 | 13500/15983 batches | lr 1.25 | ms/batch 17.47 | loss  5.27 | ppl   194.33
INFO:root:| epoch  16 | 14000/15983 batches | lr 1.25 | ms/batch 17.52 | loss  5.29 | ppl   198.64
INFO:root:| epoch  16 | 14500/15983 batches | lr 1.25 | ms/batch 17.50 | loss  5.22 | ppl   185.28
INFO:root:| epoch  16 | 15000/15983 batches | lr 1.25 | ms/batch 17.64 | loss  5.20 | ppl   181.80
INFO:root:| epoch  16 | 15500/15983 batches | lr 1.25 | ms/batch 17.59 | loss  5.22 | ppl   185.56
INFO:root:save figs in logs\2024-05-30_23-13-11
INFO:root:-----------------------------------------------------------------------------------------
INFO:root:| end of epoch  16 | time: 281.36s | valid loss  5.41 | valid ppl   224.00
INFO:root:-----------------------------------------------------------------------------------------
INFO:root:Model saved to logs\2024-05-30_23-13-11\model.pt
INFO:root:| epoch  17 |   500/15983 batches | lr 1.25 | ms/batch 17.44 | loss  5.30 | ppl   200.96
INFO:root:| epoch  17 |  1000/15983 batches | lr 1.25 | ms/batch 17.40 | loss  5.30 | ppl   199.36
INFO:root:| epoch  17 |  1500/15983 batches | lr 1.25 | ms/batch 17.41 | loss  5.32 | ppl   205.29
INFO:root:| epoch  17 |  2000/15983 batches | lr 1.25 | ms/batch 17.51 | loss  5.26 | ppl   191.78
INFO:root:| epoch  17 |  2500/15983 batches | lr 1.25 | ms/batch 17.48 | loss  5.23 | ppl   186.25
INFO:root:| epoch  17 |  3000/15983 batches | lr 1.25 | ms/batch 17.48 | loss  5.28 | ppl   196.22
INFO:root:| epoch  17 |  3500/15983 batches | lr 1.25 | ms/batch 17.53 | loss  5.29 | ppl   198.94
INFO:root:| epoch  17 |  4000/15983 batches | lr 1.25 | ms/batch 17.50 | loss  5.29 | ppl   198.42
INFO:root:| epoch  17 |  4500/15983 batches | lr 1.25 | ms/batch 17.50 | loss  5.29 | ppl   199.04
INFO:root:| epoch  17 |  5000/15983 batches | lr 1.25 | ms/batch 17.43 | loss  5.30 | ppl   200.38
INFO:root:| epoch  17 |  5500/15983 batches | lr 1.25 | ms/batch 17.44 | loss  5.29 | ppl   197.49
INFO:root:| epoch  17 |  6000/15983 batches | lr 1.25 | ms/batch 17.28 | loss  5.31 | ppl   202.16
INFO:root:| epoch  17 |  6500/15983 batches | lr 1.25 | ms/batch 17.53 | loss  5.27 | ppl   194.72
INFO:root:| epoch  17 |  7000/15983 batches | lr 1.25 | ms/batch 17.53 | loss  5.29 | ppl   197.73
INFO:root:| epoch  17 |  7500/15983 batches | lr 1.25 | ms/batch 17.41 | loss  5.26 | ppl   192.81
INFO:root:| epoch  17 |  8000/15983 batches | lr 1.25 | ms/batch 17.42 | loss  5.33 | ppl   206.93
INFO:root:| epoch  17 |  8500/15983 batches | lr 1.25 | ms/batch 17.50 | loss  5.26 | ppl   193.32
INFO:root:| epoch  17 |  9000/15983 batches | lr 1.25 | ms/batch 17.44 | loss  5.24 | ppl   187.80
INFO:root:| epoch  17 |  9500/15983 batches | lr 1.25 | ms/batch 17.55 | loss  5.25 | ppl   191.14
INFO:root:| epoch  17 | 10000/15983 batches | lr 1.25 | ms/batch 17.52 | loss  5.25 | ppl   190.48
INFO:root:| epoch  17 | 10500/15983 batches | lr 1.25 | ms/batch 17.48 | loss  5.28 | ppl   195.65
INFO:root:| epoch  17 | 11000/15983 batches | lr 1.25 | ms/batch 17.50 | loss  5.27 | ppl   195.39
INFO:root:| epoch  17 | 11500/15983 batches | lr 1.25 | ms/batch 17.54 | loss  5.26 | ppl   193.00
INFO:root:| epoch  17 | 12000/15983 batches | lr 1.25 | ms/batch 17.55 | loss  5.25 | ppl   189.80
INFO:root:| epoch  17 | 12500/15983 batches | lr 1.25 | ms/batch 17.50 | loss  5.22 | ppl   184.77
INFO:root:| epoch  17 | 13000/15983 batches | lr 1.25 | ms/batch 17.59 | loss  5.24 | ppl   189.09
INFO:root:| epoch  17 | 13500/15983 batches | lr 1.25 | ms/batch 17.48 | loss  5.27 | ppl   193.68
INFO:root:| epoch  17 | 14000/15983 batches | lr 1.25 | ms/batch 17.56 | loss  5.29 | ppl   198.15
INFO:root:| epoch  17 | 14500/15983 batches | lr 1.25 | ms/batch 17.33 | loss  5.22 | ppl   185.00
INFO:root:| epoch  17 | 15000/15983 batches | lr 1.25 | ms/batch 17.43 | loss  5.20 | ppl   182.08
INFO:root:| epoch  17 | 15500/15983 batches | lr 1.25 | ms/batch 17.51 | loss  5.22 | ppl   185.04
INFO:root:save figs in logs\2024-05-30_23-13-11
INFO:root:-----------------------------------------------------------------------------------------
INFO:root:| end of epoch  17 | time: 280.82s | valid loss  5.41 | valid ppl   223.31
INFO:root:-----------------------------------------------------------------------------------------
INFO:root:Model saved to logs\2024-05-30_23-13-11\model.pt
INFO:root:| epoch  18 |   500/15983 batches | lr 1.25 | ms/batch 17.55 | loss  5.29 | ppl   198.65
INFO:root:| epoch  18 |  1000/15983 batches | lr 1.25 | ms/batch 17.47 | loss  5.29 | ppl   198.17
INFO:root:| epoch  18 |  1500/15983 batches | lr 1.25 | ms/batch 17.66 | loss  5.32 | ppl   204.46
INFO:root:| epoch  18 |  2000/15983 batches | lr 1.25 | ms/batch 17.51 | loss  5.25 | ppl   190.38
INFO:root:| epoch  18 |  2500/15983 batches | lr 1.25 | ms/batch 17.46 | loss  5.22 | ppl   184.83
INFO:root:| epoch  18 |  3000/15983 batches | lr 1.25 | ms/batch 17.57 | loss  5.27 | ppl   194.74
INFO:root:| epoch  18 |  3500/15983 batches | lr 1.25 | ms/batch 17.52 | loss  5.29 | ppl   197.58
INFO:root:| epoch  18 |  4000/15983 batches | lr 1.25 | ms/batch 17.42 | loss  5.29 | ppl   198.34
INFO:root:| epoch  18 |  4500/15983 batches | lr 1.25 | ms/batch 17.81 | loss  5.29 | ppl   198.51
INFO:root:| epoch  18 |  5000/15983 batches | lr 1.25 | ms/batch 17.65 | loss  5.30 | ppl   199.80
INFO:root:| epoch  18 |  5500/15983 batches | lr 1.25 | ms/batch 17.68 | loss  5.28 | ppl   197.05
INFO:root:| epoch  18 |  6000/15983 batches | lr 1.25 | ms/batch 17.59 | loss  5.30 | ppl   200.47
INFO:root:| epoch  18 |  6500/15983 batches | lr 1.25 | ms/batch 17.67 | loss  5.27 | ppl   193.59
INFO:root:| epoch  18 |  7000/15983 batches | lr 1.25 | ms/batch 17.85 | loss  5.28 | ppl   196.68
INFO:root:| epoch  18 |  7500/15983 batches | lr 1.25 | ms/batch 17.79 | loss  5.25 | ppl   191.18
INFO:root:| epoch  18 |  8000/15983 batches | lr 1.25 | ms/batch 17.69 | loss  5.32 | ppl   205.05
INFO:root:| epoch  18 |  8500/15983 batches | lr 1.25 | ms/batch 17.77 | loss  5.26 | ppl   192.27
INFO:root:| epoch  18 |  9000/15983 batches | lr 1.25 | ms/batch 17.75 | loss  5.23 | ppl   187.17
INFO:root:| epoch  18 |  9500/15983 batches | lr 1.25 | ms/batch 17.68 | loss  5.25 | ppl   190.37
INFO:root:| epoch  18 | 10000/15983 batches | lr 1.25 | ms/batch 17.78 | loss  5.24 | ppl   189.33
INFO:root:| epoch  18 | 10500/15983 batches | lr 1.25 | ms/batch 17.77 | loss  5.27 | ppl   194.52
INFO:root:| epoch  18 | 11000/15983 batches | lr 1.25 | ms/batch 17.73 | loss  5.27 | ppl   194.72
INFO:root:| epoch  18 | 11500/15983 batches | lr 1.25 | ms/batch 17.60 | loss  5.26 | ppl   192.29
INFO:root:| epoch  18 | 12000/15983 batches | lr 1.25 | ms/batch 17.71 | loss  5.24 | ppl   188.53
INFO:root:| epoch  18 | 12500/15983 batches | lr 1.25 | ms/batch 17.77 | loss  5.21 | ppl   183.67
INFO:root:| epoch  18 | 13000/15983 batches | lr 1.25 | ms/batch 17.82 | loss  5.23 | ppl   187.19
INFO:root:| epoch  18 | 13500/15983 batches | lr 1.25 | ms/batch 17.75 | loss  5.26 | ppl   192.07
INFO:root:| epoch  18 | 14000/15983 batches | lr 1.25 | ms/batch 17.75 | loss  5.28 | ppl   196.56
INFO:root:| epoch  18 | 14500/15983 batches | lr 1.25 | ms/batch 17.83 | loss  5.21 | ppl   183.89
INFO:root:| epoch  18 | 15000/15983 batches | lr 1.25 | ms/batch 17.74 | loss  5.19 | ppl   179.97
INFO:root:| epoch  18 | 15500/15983 batches | lr 1.25 | ms/batch 17.73 | loss  5.21 | ppl   183.52
INFO:root:save figs in logs\2024-05-30_23-13-11
INFO:root:-----------------------------------------------------------------------------------------
INFO:root:| end of epoch  18 | time: 284.12s | valid loss  5.41 | valid ppl   222.79
INFO:root:-----------------------------------------------------------------------------------------
INFO:root:Model saved to logs\2024-05-30_23-13-11\model.pt
INFO:root:| epoch  19 |   500/15983 batches | lr 1.25 | ms/batch 17.77 | loss  5.29 | ppl   198.57
INFO:root:| epoch  19 |  1000/15983 batches | lr 1.25 | ms/batch 17.56 | loss  5.28 | ppl   196.81
INFO:root:| epoch  19 |  1500/15983 batches | lr 1.25 | ms/batch 17.87 | loss  5.31 | ppl   202.68
INFO:root:| epoch  19 |  2000/15983 batches | lr 1.25 | ms/batch 17.67 | loss  5.24 | ppl   188.61
INFO:root:| epoch  19 |  2500/15983 batches | lr 1.25 | ms/batch 17.71 | loss  5.22 | ppl   184.07
INFO:root:| epoch  19 |  3000/15983 batches | lr 1.25 | ms/batch 17.64 | loss  5.27 | ppl   193.76
INFO:root:| epoch  19 |  3500/15983 batches | lr 1.25 | ms/batch 17.77 | loss  5.28 | ppl   196.79
INFO:root:| epoch  19 |  4000/15983 batches | lr 1.25 | ms/batch 17.68 | loss  5.28 | ppl   196.12
INFO:root:| epoch  19 |  4500/15983 batches | lr 1.25 | ms/batch 17.74 | loss  5.28 | ppl   197.12
INFO:root:| epoch  19 |  5000/15983 batches | lr 1.25 | ms/batch 17.84 | loss  5.29 | ppl   197.63
INFO:root:| epoch  19 |  5500/15983 batches | lr 1.25 | ms/batch 17.86 | loss  5.27 | ppl   194.69
INFO:root:| epoch  19 |  6000/15983 batches | lr 1.25 | ms/batch 17.83 | loss  5.30 | ppl   199.74
INFO:root:| epoch  19 |  6500/15983 batches | lr 1.25 | ms/batch 17.80 | loss  5.26 | ppl   192.56
INFO:root:| epoch  19 |  7000/15983 batches | lr 1.25 | ms/batch 17.81 | loss  5.28 | ppl   195.85
INFO:root:| epoch  19 |  7500/15983 batches | lr 1.25 | ms/batch 17.81 | loss  5.25 | ppl   190.65
INFO:root:| epoch  19 |  8000/15983 batches | lr 1.25 | ms/batch 17.79 | loss  5.32 | ppl   204.17
INFO:root:| epoch  19 |  8500/15983 batches | lr 1.25 | ms/batch 17.79 | loss  5.25 | ppl   190.61
INFO:root:| epoch  19 |  9000/15983 batches | lr 1.25 | ms/batch 17.78 | loss  5.22 | ppl   185.62
INFO:root:| epoch  19 |  9500/15983 batches | lr 1.25 | ms/batch 17.90 | loss  5.24 | ppl   189.37
INFO:root:| epoch  19 | 10000/15983 batches | lr 1.25 | ms/batch 17.78 | loss  5.24 | ppl   188.53
INFO:root:| epoch  19 | 10500/15983 batches | lr 1.25 | ms/batch 17.65 | loss  5.27 | ppl   194.17
INFO:root:| epoch  19 | 11000/15983 batches | lr 1.25 | ms/batch 17.67 | loss  5.27 | ppl   194.48
INFO:root:| epoch  19 | 11500/15983 batches | lr 1.25 | ms/batch 17.78 | loss  5.25 | ppl   191.41
INFO:root:| epoch  19 | 12000/15983 batches | lr 1.25 | ms/batch 17.91 | loss  5.24 | ppl   187.77
INFO:root:| epoch  19 | 12500/15983 batches | lr 1.25 | ms/batch 17.89 | loss  5.21 | ppl   183.22
INFO:root:| epoch  19 | 13000/15983 batches | lr 1.25 | ms/batch 17.77 | loss  5.24 | ppl   187.77
INFO:root:| epoch  19 | 13500/15983 batches | lr 1.25 | ms/batch 17.79 | loss  5.26 | ppl   191.72
INFO:root:| epoch  19 | 14000/15983 batches | lr 1.25 | ms/batch 17.71 | loss  5.28 | ppl   196.06
INFO:root:| epoch  19 | 14500/15983 batches | lr 1.25 | ms/batch 17.86 | loss  5.21 | ppl   183.84
INFO:root:| epoch  19 | 15000/15983 batches | lr 1.25 | ms/batch 17.84 | loss  5.19 | ppl   179.98
INFO:root:| epoch  19 | 15500/15983 batches | lr 1.25 | ms/batch 18.43 | loss  5.21 | ppl   183.45
INFO:root:save figs in logs\2024-05-30_23-13-11
INFO:root:-----------------------------------------------------------------------------------------
INFO:root:| end of epoch  19 | time: 286.26s | valid loss  5.40 | valid ppl   221.62
INFO:root:-----------------------------------------------------------------------------------------
INFO:root:Model saved to logs\2024-05-30_23-13-11\model.pt
INFO:root:| epoch  20 |   500/15983 batches | lr 1.25 | ms/batch 17.89 | loss  5.28 | ppl   197.02
INFO:root:| epoch  20 |  1000/15983 batches | lr 1.25 | ms/batch 18.30 | loss  5.27 | ppl   195.06
INFO:root:| epoch  20 |  1500/15983 batches | lr 1.25 | ms/batch 18.16 | loss  5.31 | ppl   201.53
INFO:root:| epoch  20 |  2000/15983 batches | lr 1.25 | ms/batch 18.40 | loss  5.24 | ppl   187.85
INFO:root:| epoch  20 |  2500/15983 batches | lr 1.25 | ms/batch 18.36 | loss  5.21 | ppl   182.69
INFO:root:| epoch  20 |  3000/15983 batches | lr 1.25 | ms/batch 18.33 | loss  5.26 | ppl   192.17
INFO:root:| epoch  20 |  3500/15983 batches | lr 1.25 | ms/batch 17.85 | loss  5.28 | ppl   195.65
INFO:root:| epoch  20 |  4000/15983 batches | lr 1.25 | ms/batch 17.92 | loss  5.27 | ppl   194.96
INFO:root:| epoch  20 |  4500/15983 batches | lr 1.25 | ms/batch 17.82 | loss  5.28 | ppl   196.99
INFO:root:| epoch  20 |  5000/15983 batches | lr 1.25 | ms/batch 17.79 | loss  5.28 | ppl   197.30
INFO:root:| epoch  20 |  5500/15983 batches | lr 1.25 | ms/batch 17.76 | loss  5.27 | ppl   193.89
INFO:root:| epoch  20 |  6000/15983 batches | lr 1.25 | ms/batch 17.83 | loss  5.29 | ppl   198.89
INFO:root:| epoch  20 |  6500/15983 batches | lr 1.25 | ms/batch 17.78 | loss  5.26 | ppl   191.93
INFO:root:| epoch  20 |  7000/15983 batches | lr 1.25 | ms/batch 17.72 | loss  5.27 | ppl   195.06
INFO:root:| epoch  20 |  7500/15983 batches | lr 1.25 | ms/batch 17.88 | loss  5.24 | ppl   189.04
INFO:root:| epoch  20 |  8000/15983 batches | lr 1.25 | ms/batch 17.84 | loss  5.31 | ppl   202.24
INFO:root:| epoch  20 |  8500/15983 batches | lr 1.25 | ms/batch 17.70 | loss  5.25 | ppl   190.65
INFO:root:| epoch  20 |  9000/15983 batches | lr 1.25 | ms/batch 17.76 | loss  5.22 | ppl   185.66
INFO:root:| epoch  20 |  9500/15983 batches | lr 1.25 | ms/batch 17.82 | loss  5.24 | ppl   188.31
INFO:root:| epoch  20 | 10000/15983 batches | lr 1.25 | ms/batch 17.81 | loss  5.23 | ppl   187.32
INFO:root:| epoch  20 | 10500/15983 batches | lr 1.25 | ms/batch 17.66 | loss  5.26 | ppl   193.05
INFO:root:| epoch  20 | 11000/15983 batches | lr 1.25 | ms/batch 17.65 | loss  5.26 | ppl   193.39
INFO:root:| epoch  20 | 11500/15983 batches | lr 1.25 | ms/batch 17.74 | loss  5.25 | ppl   190.52
INFO:root:| epoch  20 | 12000/15983 batches | lr 1.25 | ms/batch 17.79 | loss  5.23 | ppl   186.90
INFO:root:| epoch  20 | 12500/15983 batches | lr 1.25 | ms/batch 17.71 | loss  5.21 | ppl   182.45
INFO:root:| epoch  20 | 13000/15983 batches | lr 1.25 | ms/batch 17.74 | loss  5.23 | ppl   186.52
INFO:root:| epoch  20 | 13500/15983 batches | lr 1.25 | ms/batch 17.79 | loss  5.25 | ppl   190.95
INFO:root:| epoch  20 | 14000/15983 batches | lr 1.25 | ms/batch 17.80 | loss  5.27 | ppl   194.83
INFO:root:| epoch  20 | 14500/15983 batches | lr 1.25 | ms/batch 17.70 | loss  5.21 | ppl   182.99
INFO:root:| epoch  20 | 15000/15983 batches | lr 1.25 | ms/batch 17.77 | loss  5.19 | ppl   179.52
INFO:root:| epoch  20 | 15500/15983 batches | lr 1.25 | ms/batch 17.75 | loss  5.20 | ppl   181.53
INFO:root:save figs in logs\2024-05-30_23-13-11
INFO:root:-----------------------------------------------------------------------------------------
INFO:root:| end of epoch  20 | time: 287.05s | valid loss  5.40 | valid ppl   220.70
INFO:root:-----------------------------------------------------------------------------------------
INFO:root:Model saved to logs\2024-05-30_23-13-11\model.pt
