[2024-06-05 11:05:08] Storing files in experiments/Crnn/2024-06-05_11-05-06_6a7995bc22e811ef83f53cecef3fb8f6
[2024-06-05 11:05:08] batch_size: 64
[2024-06-05 11:05:08] data:
[2024-06-05 11:05:08]   class_indice_file: data/metadata/class_label_indices.txt
[2024-06-05 11:05:08]   feature: data/dev/feature.csv
[2024-06-05 11:05:08]   label: data/dev/label.csv
[2024-06-05 11:05:08]   stratified: true
[2024-06-05 11:05:08] dataloader_args:
[2024-06-05 11:05:08]   batch_size: 64
[2024-06-05 11:05:08]   num_workers: 1
[2024-06-05 11:05:08] early_stop: 7
[2024-06-05 11:05:08] epochs: 100
[2024-06-05 11:05:08] eval_data:
[2024-06-05 11:05:08]   feature: data/eval/feature.csv
[2024-06-05 11:05:08]   label: data/eval/label.csv
[2024-06-05 11:05:08] loss: BceLoss
[2024-06-05 11:05:08] model:
[2024-06-05 11:05:08]   args: {}
[2024-06-05 11:05:08]   type: Crnn
[2024-06-05 11:05:08] num_workers: 2
[2024-06-05 11:05:08] optimizer:
[2024-06-05 11:05:08]   args:
[2024-06-05 11:05:08]     lr: 0.001
[2024-06-05 11:05:08]   type: AdamW
[2024-06-05 11:05:08] outputpath: experiments/
[2024-06-05 11:05:08] scheduler_args:
[2024-06-05 11:05:08]   factor: 0.1
[2024-06-05 11:05:08]   patience: 3
[2024-06-05 11:05:08] 
[2024-06-05 11:05:08] Running on device cuda
[2024-06-05 11:05:11] AdamW (
[2024-06-05 11:05:11] Parameter Group 0
[2024-06-05 11:05:11]     amsgrad: False
[2024-06-05 11:05:11]     betas: (0.9, 0.999)
[2024-06-05 11:05:11]     capturable: False
[2024-06-05 11:05:11]     differentiable: False
[2024-06-05 11:05:11]     eps: 1e-08
[2024-06-05 11:05:11]     foreach: None
[2024-06-05 11:05:11]     fused: None
[2024-06-05 11:05:11]     lr: 0.001
[2024-06-05 11:05:11]     maximize: False
[2024-06-05 11:05:11]     weight_decay: 0.01
[2024-06-05 11:05:11] )
[2024-06-05 11:05:11] Crnn(
[2024-06-05 11:05:11]   (bn): BatchNorm2d(1, eps=1e-05, momentum=0.1, affine=True, track_running_stats=True)
[2024-06-05 11:05:11]   (conv1): ConvBlock(
[2024-06-05 11:05:11]     (conv): Conv2d(1, 16, kernel_size=(3, 3), stride=(1, 1), padding=(1, 1))
[2024-06-05 11:05:11]     (bn): BatchNorm2d(16, eps=1e-05, momentum=0.1, affine=True, track_running_stats=True)
[2024-06-05 11:05:11]     (activation): ReLU()
[2024-06-05 11:05:11]     (pooling): MaxPool2d(kernel_size=(1, 4), stride=(1, 4), padding=0, dilation=1, ceil_mode=False)
[2024-06-05 11:05:11]   )
[2024-06-05 11:05:11]   (conv2): ConvBlock(
[2024-06-05 11:05:11]     (conv): Conv2d(16, 32, kernel_size=(3, 3), stride=(1, 1), padding=(1, 1))
[2024-06-05 11:05:11]     (bn): BatchNorm2d(32, eps=1e-05, momentum=0.1, affine=True, track_running_stats=True)
[2024-06-05 11:05:11]     (activation): ReLU()
[2024-06-05 11:05:11]     (pooling): MaxPool2d(kernel_size=(1, 4), stride=(1, 4), padding=0, dilation=1, ceil_mode=False)
[2024-06-05 11:05:11]   )
[2024-06-05 11:05:11]   (conv3): ConvBlock(
[2024-06-05 11:05:11]     (conv): Conv2d(32, 64, kernel_size=(3, 3), stride=(1, 1), padding=(1, 1))
[2024-06-05 11:05:11]     (bn): BatchNorm2d(64, eps=1e-05, momentum=0.1, affine=True, track_running_stats=True)
[2024-06-05 11:05:11]     (activation): ReLU()
[2024-06-05 11:05:11]     (pooling): MaxPool2d(kernel_size=(1, 2), stride=(1, 2), padding=0, dilation=1, ceil_mode=False)
[2024-06-05 11:05:11]   )
[2024-06-05 11:05:11]   (gru): GRU(128, 128, num_layers=2, batch_first=True, bidirectional=True)
[2024-06-05 11:05:11]   (ffwd): LinearFeedFwd(
[2024-06-05 11:05:11]     (fc): Linear(in_features=256, out_features=10, bias=True)
[2024-06-05 11:05:11]   )
[2024-06-05 11:05:11] )
[2024-06-05 11:05:15] Epoch 1   training_loss: 0.41  val_loss: 0.36  precision: 0.00  recall: 0.00  f1: 0.00
[2024-06-05 11:05:18] Epoch 2   training_loss: 0.34  val_loss: 0.33  precision: 0.20  recall: 0.06  f1: 0.09
[2024-06-05 11:05:20] Epoch 3   training_loss: 0.32  val_loss: 0.31  precision: 0.34  recall: 0.13  f1: 0.17
[2024-06-05 11:05:22] Epoch 4   training_loss: 0.29  val_loss: 0.29  precision: 0.41  recall: 0.20  f1: 0.23
[2024-06-05 11:05:25] Epoch 5   training_loss: 0.27  val_loss: 0.26  precision: 0.40  recall: 0.26  f1: 0.29
[2024-06-05 11:05:27] Epoch 6   training_loss: 0.25  val_loss: 0.25  precision: 0.56  recall: 0.26  f1: 0.34
[2024-06-05 11:05:29] Epoch 7   training_loss: 0.24  val_loss: 0.24  precision: 0.53  recall: 0.29  f1: 0.35
[2024-06-05 11:05:32] Epoch 8   training_loss: 0.22  val_loss: 0.26  precision: 0.62  recall: 0.38  f1: 0.44
[2024-06-05 11:05:34] Epoch 9   training_loss: 0.20  val_loss: 0.23  precision: 0.70  recall: 0.37  f1: 0.44
[2024-06-05 11:05:37] Epoch 10   training_loss: 0.19  val_loss: 0.21  precision: 0.66  recall: 0.46  f1: 0.54
[2024-06-05 11:05:39] Epoch 11   training_loss: 0.19  val_loss: 0.25  precision: 0.74  recall: 0.48  f1: 0.54
[2024-06-05 11:05:41] Epoch 12   training_loss: 0.17  val_loss: 0.20  precision: 0.73  recall: 0.55  f1: 0.59
[2024-06-05 11:05:44] Epoch 13   training_loss: 0.16  val_loss: 0.23  precision: 0.60  recall: 0.52  f1: 0.53
[2024-06-05 11:05:46] Epoch 14   training_loss: 0.15  val_loss: 0.25  precision: 0.73  recall: 0.49  f1: 0.51
[2024-06-05 11:05:49] Epoch 15   training_loss: 0.15  val_loss: 0.23  precision: 0.77  recall: 0.52  f1: 0.57
[2024-06-05 11:05:51] Epoch 16   training_loss: 0.13  val_loss: 0.19  precision: 0.78  recall: 0.60  f1: 0.64
[2024-06-05 11:05:53] Epoch 17   training_loss: 0.12  val_loss: 0.17  precision: 0.80  recall: 0.66  f1: 0.70
[2024-06-05 11:05:56] Epoch 18   training_loss: 0.12  val_loss: 0.23  precision: 0.78  recall: 0.56  f1: 0.62
[2024-06-05 11:05:58] Epoch 19   training_loss: 0.12  val_loss: 0.20  precision: 0.74  recall: 0.66  f1: 0.65
[2024-06-05 11:06:00] Epoch 20   training_loss: 0.10  val_loss: 0.19  precision: 0.75  recall: 0.72  f1: 0.71
[2024-06-05 11:06:03] Epoch 21   training_loss: 0.09  val_loss: 0.20  precision: 0.70  recall: 0.69  f1: 0.67
[2024-06-05 11:06:05] Epoch 22   training_loss: 0.08  val_loss: 0.16  precision: 0.75  recall: 0.69  f1: 0.71
[2024-06-05 11:06:07] Epoch 23   training_loss: 0.07  val_loss: 0.16  precision: 0.79  recall: 0.73  f1: 0.75
[2024-06-05 11:06:10] Epoch 24   training_loss: 0.07  val_loss: 0.17  precision: 0.77  recall: 0.73  f1: 0.74
[2024-06-05 11:06:12] Epoch 25   training_loss: 0.07  val_loss: 0.17  precision: 0.78  recall: 0.72  f1: 0.73
[2024-06-05 11:06:14] Epoch 26   training_loss: 0.07  val_loss: 0.16  precision: 0.78  recall: 0.74  f1: 0.75
[2024-06-05 11:06:17] Epoch 27   training_loss: 0.06  val_loss: 0.17  precision: 0.76  recall: 0.74  f1: 0.75
[2024-06-05 11:06:19] Epoch 28   training_loss: 0.06  val_loss: 0.17  precision: 0.78  recall: 0.73  f1: 0.74
[2024-06-05 11:06:22] Epoch 29   training_loss: 0.06  val_loss: 0.17  precision: 0.76  recall: 0.71  f1: 0.72
[2024-06-05 11:06:24] Epoch 30   training_loss: 0.06  val_loss: 0.17  precision: 0.77  recall: 0.75  f1: 0.75
[2024-06-05 11:06:26] Epoch 31   training_loss: 0.06  val_loss: 0.17  precision: 0.76  recall: 0.76  f1: 0.76
[2024-06-05 11:06:28] Epoch 32   training_loss: 0.06  val_loss: 0.17  precision: 0.78  recall: 0.75  f1: 0.76
[2024-06-05 11:06:31] Epoch 33   training_loss: 0.06  val_loss: 0.17  precision: 0.78  recall: 0.73  f1: 0.74
