INFO:root:Arguments: Namespace(data='./data/gigaspeech', model='LSTM', emsize=200, nhid=200, nlayers=2, lr=20, clip=0.25, epochs=20, batch_size=20, bptt=35, dropout=0.2, tied=False, seed=1111, cuda=True, log_interval=500, onnx_export='', nhead=2, dry_run=False)
INFO:root:Total number of model parameters: 11.75M
INFO:root:| epoch   1 |   500/15983 batches | lr 20.00 | ms/batch 16.74 | loss  6.85 | ppl   939.46
INFO:root:| epoch   1 |  1000/15983 batches | lr 20.00 | ms/batch 16.99 | loss  6.04 | ppl   418.74
INFO:root:| epoch   1 |  1500/15983 batches | lr 20.00 | ms/batch 17.37 | loss  5.83 | ppl   340.58
INFO:root:| epoch   1 |  2000/15983 batches | lr 20.00 | ms/batch 17.48 | loss  5.63 | ppl   278.86
INFO:root:| epoch   1 |  2500/15983 batches | lr 20.00 | ms/batch 17.06 | loss  5.51 | ppl   246.80
INFO:root:| epoch   1 |  3000/15983 batches | lr 20.00 | ms/batch 17.04 | loss  5.51 | ppl   246.54
INFO:root:| epoch   1 |  3500/15983 batches | lr 20.00 | ms/batch 16.80 | loss  5.47 | ppl   237.98
INFO:root:| epoch   1 |  4000/15983 batches | lr 20.00 | ms/batch 16.94 | loss  5.44 | ppl   231.05
INFO:root:| epoch   1 |  4500/15983 batches | lr 20.00 | ms/batch 16.68 | loss  5.41 | ppl   222.58
INFO:root:| epoch   1 |  5000/15983 batches | lr 20.00 | ms/batch 16.82 | loss  5.38 | ppl   216.16
INFO:root:| epoch   1 |  5500/15983 batches | lr 20.00 | ms/batch 16.75 | loss  5.33 | ppl   205.63
INFO:root:| epoch   1 |  6000/15983 batches | lr 20.00 | ms/batch 17.00 | loss  5.33 | ppl   205.71
INFO:root:| epoch   1 |  6500/15983 batches | lr 20.00 | ms/batch 17.35 | loss  5.27 | ppl   194.50
INFO:root:| epoch   1 |  7000/15983 batches | lr 20.00 | ms/batch 17.20 | loss  5.27 | ppl   194.97
INFO:root:| epoch   1 |  7500/15983 batches | lr 20.00 | ms/batch 16.89 | loss  5.23 | ppl   185.88
INFO:root:| epoch   1 |  8000/15983 batches | lr 20.00 | ms/batch 16.91 | loss  5.29 | ppl   198.32
INFO:root:| epoch   1 |  8500/15983 batches | lr 20.00 | ms/batch 17.35 | loss  5.21 | ppl   183.33
INFO:root:| epoch   1 |  9000/15983 batches | lr 20.00 | ms/batch 17.21 | loss  5.16 | ppl   174.31
INFO:root:| epoch   1 |  9500/15983 batches | lr 20.00 | ms/batch 17.12 | loss  5.16 | ppl   173.84
INFO:root:| epoch   1 | 10000/15983 batches | lr 20.00 | ms/batch 16.64 | loss  5.14 | ppl   171.01
INFO:root:| epoch   1 | 10500/15983 batches | lr 20.00 | ms/batch 16.89 | loss  5.18 | ppl   177.12
INFO:root:| epoch   1 | 11000/15983 batches | lr 20.00 | ms/batch 16.91 | loss  5.18 | ppl   177.05
INFO:root:| epoch   1 | 11500/15983 batches | lr 20.00 | ms/batch 16.90 | loss  5.14 | ppl   170.69
INFO:root:| epoch   1 | 12000/15983 batches | lr 20.00 | ms/batch 16.95 | loss  5.13 | ppl   168.34
INFO:root:| epoch   1 | 12500/15983 batches | lr 20.00 | ms/batch 17.19 | loss  5.08 | ppl   161.05
INFO:root:| epoch   1 | 13000/15983 batches | lr 20.00 | ms/batch 17.19 | loss  5.10 | ppl   164.48
INFO:root:| epoch   1 | 13500/15983 batches | lr 20.00 | ms/batch 17.21 | loss  5.13 | ppl   168.28
INFO:root:| epoch   1 | 14000/15983 batches | lr 20.00 | ms/batch 16.97 | loss  5.14 | ppl   170.69
INFO:root:| epoch   1 | 14500/15983 batches | lr 20.00 | ms/batch 16.97 | loss  5.06 | ppl   157.71
INFO:root:| epoch   1 | 15000/15983 batches | lr 20.00 | ms/batch 17.01 | loss  5.05 | ppl   155.87
INFO:root:| epoch   1 | 15500/15983 batches | lr 20.00 | ms/batch 17.16 | loss  5.06 | ppl   157.26
INFO:root:save figs in logs\2024-05-30_17-54-02
INFO:root:-----------------------------------------------------------------------------------------
INFO:root:| end of epoch   1 | time: 274.12s | valid loss  5.20 | valid ppl   180.87
INFO:root:-----------------------------------------------------------------------------------------
INFO:root:Model saved to logs\2024-05-30_17-54-02\model.pt
INFO:root:| epoch   2 |   500/15983 batches | lr 20.00 | ms/batch 17.22 | loss  5.10 | ppl   163.62
INFO:root:| epoch   2 |  1000/15983 batches | lr 20.00 | ms/batch 17.06 | loss  5.09 | ppl   162.94
INFO:root:| epoch   2 |  1500/15983 batches | lr 20.00 | ms/batch 16.94 | loss  5.11 | ppl   164.90
INFO:root:| epoch   2 |  2000/15983 batches | lr 20.00 | ms/batch 17.08 | loss  5.03 | ppl   152.54
INFO:root:| epoch   2 |  2500/15983 batches | lr 20.00 | ms/batch 17.02 | loss  5.00 | ppl   148.35
INFO:root:| epoch   2 |  3000/15983 batches | lr 20.00 | ms/batch 17.04 | loss  5.04 | ppl   154.67
INFO:root:| epoch   2 |  3500/15983 batches | lr 20.00 | ms/batch 17.14 | loss  5.06 | ppl   156.88
INFO:root:| epoch   2 |  4000/15983 batches | lr 20.00 | ms/batch 17.24 | loss  5.05 | ppl   155.44
INFO:root:| epoch   2 |  4500/15983 batches | lr 20.00 | ms/batch 17.23 | loss  5.05 | ppl   155.81
INFO:root:| epoch   2 |  5000/15983 batches | lr 20.00 | ms/batch 17.15 | loss  5.05 | ppl   156.31
INFO:root:| epoch   2 |  5500/15983 batches | lr 20.00 | ms/batch 17.07 | loss  5.03 | ppl   153.66
INFO:root:| epoch   2 |  6000/15983 batches | lr 20.00 | ms/batch 17.08 | loss  5.05 | ppl   156.03
INFO:root:| epoch   2 |  6500/15983 batches | lr 20.00 | ms/batch 17.14 | loss  5.01 | ppl   149.48
INFO:root:| epoch   2 |  7000/15983 batches | lr 20.00 | ms/batch 17.77 | loss  5.02 | ppl   151.58
INFO:root:| epoch   2 |  7500/15983 batches | lr 20.00 | ms/batch 17.41 | loss  4.99 | ppl   146.76
INFO:root:| epoch   2 |  8000/15983 batches | lr 20.00 | ms/batch 17.98 | loss  5.06 | ppl   157.43
INFO:root:| epoch   2 |  8500/15983 batches | lr 20.00 | ms/batch 17.52 | loss  5.00 | ppl   148.62
INFO:root:| epoch   2 |  9000/15983 batches | lr 20.00 | ms/batch 17.47 | loss  4.96 | ppl   142.27
INFO:root:| epoch   2 |  9500/15983 batches | lr 20.00 | ms/batch 17.63 | loss  4.97 | ppl   144.04
INFO:root:| epoch   2 | 10000/15983 batches | lr 20.00 | ms/batch 17.83 | loss  4.96 | ppl   141.96
INFO:root:| epoch   2 | 10500/15983 batches | lr 20.00 | ms/batch 17.55 | loss  5.00 | ppl   148.38
INFO:root:| epoch   2 | 11000/15983 batches | lr 20.00 | ms/batch 17.56 | loss  5.01 | ppl   149.43
INFO:root:| epoch   2 | 11500/15983 batches | lr 20.00 | ms/batch 17.49 | loss  4.97 | ppl   144.70
INFO:root:| epoch   2 | 12000/15983 batches | lr 20.00 | ms/batch 17.66 | loss  4.97 | ppl   144.43
INFO:root:| epoch   2 | 12500/15983 batches | lr 20.00 | ms/batch 17.82 | loss  4.93 | ppl   138.49
INFO:root:| epoch   2 | 13000/15983 batches | lr 20.00 | ms/batch 17.65 | loss  4.96 | ppl   141.96
INFO:root:| epoch   2 | 13500/15983 batches | lr 20.00 | ms/batch 17.68 | loss  4.98 | ppl   145.09
INFO:root:| epoch   2 | 14000/15983 batches | lr 20.00 | ms/batch 17.79 | loss  4.99 | ppl   147.61
INFO:root:| epoch   2 | 14500/15983 batches | lr 20.00 | ms/batch 18.24 | loss  4.94 | ppl   139.41
INFO:root:| epoch   2 | 15000/15983 batches | lr 20.00 | ms/batch 17.87 | loss  4.93 | ppl   137.83
INFO:root:| epoch   2 | 15500/15983 batches | lr 20.00 | ms/batch 18.25 | loss  4.93 | ppl   138.11
INFO:root:save figs in logs\2024-05-30_17-54-02
INFO:root:-----------------------------------------------------------------------------------------
INFO:root:| end of epoch   2 | time: 281.71s | valid loss  5.12 | valid ppl   166.90
INFO:root:-----------------------------------------------------------------------------------------
INFO:root:Model saved to logs\2024-05-30_17-54-02\model.pt
INFO:root:| epoch   3 |   500/15983 batches | lr 20.00 | ms/batch 18.55 | loss  4.97 | ppl   144.21
INFO:root:| epoch   3 |  1000/15983 batches | lr 20.00 | ms/batch 17.83 | loss  4.97 | ppl   144.34
INFO:root:| epoch   3 |  1500/15983 batches | lr 20.00 | ms/batch 17.79 | loss  4.99 | ppl   146.59
INFO:root:| epoch   3 |  2000/15983 batches | lr 20.00 | ms/batch 17.63 | loss  4.92 | ppl   136.97
INFO:root:| epoch   3 |  2500/15983 batches | lr 20.00 | ms/batch 17.48 | loss  4.90 | ppl   134.83
INFO:root:| epoch   3 |  3000/15983 batches | lr 20.00 | ms/batch 17.60 | loss  4.94 | ppl   140.42
INFO:root:| epoch   3 |  3500/15983 batches | lr 20.00 | ms/batch 18.02 | loss  4.96 | ppl   142.55
INFO:root:| epoch   3 |  4000/15983 batches | lr 20.00 | ms/batch 17.84 | loss  4.95 | ppl   141.00
INFO:root:| epoch   3 |  4500/15983 batches | lr 20.00 | ms/batch 17.87 | loss  4.96 | ppl   142.13
INFO:root:| epoch   3 |  5000/15983 batches | lr 20.00 | ms/batch 17.73 | loss  4.96 | ppl   142.71
INFO:root:| epoch   3 |  5500/15983 batches | lr 20.00 | ms/batch 17.57 | loss  4.95 | ppl   141.27
INFO:root:| epoch   3 |  6000/15983 batches | lr 20.00 | ms/batch 17.55 | loss  4.96 | ppl   143.29
INFO:root:| epoch   3 |  6500/15983 batches | lr 20.00 | ms/batch 17.67 | loss  4.93 | ppl   137.94
INFO:root:| epoch   3 |  7000/15983 batches | lr 20.00 | ms/batch 17.63 | loss  4.94 | ppl   139.77
INFO:root:| epoch   3 |  7500/15983 batches | lr 20.00 | ms/batch 17.41 | loss  4.91 | ppl   135.65
INFO:root:| epoch   3 |  8000/15983 batches | lr 20.00 | ms/batch 17.44 | loss  4.98 | ppl   144.85
INFO:root:| epoch   3 |  8500/15983 batches | lr 20.00 | ms/batch 17.46 | loss  4.93 | ppl   137.76
INFO:root:| epoch   3 |  9000/15983 batches | lr 20.00 | ms/batch 17.88 | loss  4.89 | ppl   133.05
INFO:root:| epoch   3 |  9500/15983 batches | lr 20.00 | ms/batch 18.04 | loss  4.90 | ppl   134.47
INFO:root:| epoch   3 | 10000/15983 batches | lr 20.00 | ms/batch 19.20 | loss  4.89 | ppl   132.40
INFO:root:| epoch   3 | 10500/15983 batches | lr 20.00 | ms/batch 18.36 | loss  4.93 | ppl   138.72
INFO:root:| epoch   3 | 11000/15983 batches | lr 20.00 | ms/batch 18.05 | loss  4.94 | ppl   139.78
INFO:root:| epoch   3 | 11500/15983 batches | lr 20.00 | ms/batch 18.75 | loss  4.91 | ppl   135.82
INFO:root:| epoch   3 | 12000/15983 batches | lr 20.00 | ms/batch 17.87 | loss  4.91 | ppl   135.60
INFO:root:| epoch   3 | 12500/15983 batches | lr 20.00 | ms/batch 17.88 | loss  4.87 | ppl   130.06
INFO:root:| epoch   3 | 13000/15983 batches | lr 20.00 | ms/batch 17.77 | loss  4.89 | ppl   133.24
INFO:root:| epoch   3 | 13500/15983 batches | lr 20.00 | ms/batch 17.77 | loss  4.91 | ppl   136.20
INFO:root:| epoch   3 | 14000/15983 batches | lr 20.00 | ms/batch 18.06 | loss  4.93 | ppl   139.00
INFO:root:| epoch   3 | 14500/15983 batches | lr 20.00 | ms/batch 18.27 | loss  4.88 | ppl   132.00
INFO:root:| epoch   3 | 15000/15983 batches | lr 20.00 | ms/batch 17.87 | loss  4.87 | ppl   130.88
INFO:root:| epoch   3 | 15500/15983 batches | lr 20.00 | ms/batch 18.64 | loss  4.87 | ppl   130.22
INFO:root:save figs in logs\2024-05-30_17-54-02
INFO:root:-----------------------------------------------------------------------------------------
INFO:root:| end of epoch   3 | time: 288.11s | valid loss  5.08 | valid ppl   161.47
INFO:root:-----------------------------------------------------------------------------------------
INFO:root:Model saved to logs\2024-05-30_17-54-02\model.pt
INFO:root:| epoch   4 |   500/15983 batches | lr 20.00 | ms/batch 17.92 | loss  4.91 | ppl   136.04
INFO:root:| epoch   4 |  1000/15983 batches | lr 20.00 | ms/batch 17.79 | loss  4.91 | ppl   136.24
INFO:root:| epoch   4 |  1500/15983 batches | lr 20.00 | ms/batch 17.86 | loss  4.93 | ppl   138.04
INFO:root:| epoch   4 |  2000/15983 batches | lr 20.00 | ms/batch 17.76 | loss  4.87 | ppl   129.85
INFO:root:| epoch   4 |  2500/15983 batches | lr 20.00 | ms/batch 17.68 | loss  4.86 | ppl   128.62
INFO:root:| epoch   4 |  3000/15983 batches | lr 20.00 | ms/batch 17.68 | loss  4.90 | ppl   133.90
INFO:root:| epoch   4 |  3500/15983 batches | lr 20.00 | ms/batch 17.86 | loss  4.91 | ppl   135.77
INFO:root:| epoch   4 |  4000/15983 batches | lr 20.00 | ms/batch 17.82 | loss  4.90 | ppl   133.82
INFO:root:| epoch   4 |  4500/15983 batches | lr 20.00 | ms/batch 17.64 | loss  4.90 | ppl   134.86
INFO:root:| epoch   4 |  5000/15983 batches | lr 20.00 | ms/batch 17.77 | loss  4.91 | ppl   135.63
INFO:root:| epoch   4 |  5500/15983 batches | lr 20.00 | ms/batch 17.80 | loss  4.90 | ppl   134.90
INFO:root:| epoch   4 |  6000/15983 batches | lr 20.00 | ms/batch 17.71 | loss  4.92 | ppl   137.00
INFO:root:| epoch   4 |  6500/15983 batches | lr 20.00 | ms/batch 17.40 | loss  4.88 | ppl   131.94
INFO:root:| epoch   4 |  7000/15983 batches | lr 20.00 | ms/batch 17.53 | loss  4.89 | ppl   133.16
INFO:root:| epoch   4 |  7500/15983 batches | lr 20.00 | ms/batch 17.51 | loss  4.87 | ppl   130.06
INFO:root:| epoch   4 |  8000/15983 batches | lr 20.00 | ms/batch 17.56 | loss  4.93 | ppl   138.80
INFO:root:| epoch   4 |  8500/15983 batches | lr 20.00 | ms/batch 18.02 | loss  4.88 | ppl   132.19
INFO:root:| epoch   4 |  9000/15983 batches | lr 20.00 | ms/batch 18.02 | loss  4.85 | ppl   127.78
INFO:root:| epoch   4 |  9500/15983 batches | lr 20.00 | ms/batch 17.77 | loss  4.86 | ppl   129.59
INFO:root:| epoch   4 | 10000/15983 batches | lr 20.00 | ms/batch 17.68 | loss  4.85 | ppl   127.15
INFO:root:| epoch   4 | 10500/15983 batches | lr 20.00 | ms/batch 17.68 | loss  4.90 | ppl   133.66
INFO:root:| epoch   4 | 11000/15983 batches | lr 20.00 | ms/batch 17.51 | loss  4.90 | ppl   133.99
INFO:root:| epoch   4 | 11500/15983 batches | lr 20.00 | ms/batch 17.58 | loss  4.87 | ppl   130.69
INFO:root:| epoch   4 | 12000/15983 batches | lr 20.00 | ms/batch 17.48 | loss  4.87 | ppl   130.24
INFO:root:| epoch   4 | 12500/15983 batches | lr 20.00 | ms/batch 17.62 | loss  4.83 | ppl   125.67
INFO:root:| epoch   4 | 13000/15983 batches | lr 20.00 | ms/batch 18.98 | loss  4.86 | ppl   128.41
INFO:root:| epoch   4 | 13500/15983 batches | lr 20.00 | ms/batch 19.98 | loss  4.88 | ppl   131.14
INFO:root:| epoch   4 | 14000/15983 batches | lr 20.00 | ms/batch 18.56 | loss  4.89 | ppl   133.61
INFO:root:| epoch   4 | 14500/15983 batches | lr 20.00 | ms/batch 19.89 | loss  4.85 | ppl   127.79
INFO:root:| epoch   4 | 15000/15983 batches | lr 20.00 | ms/batch 18.25 | loss  4.84 | ppl   126.62
INFO:root:| epoch   4 | 15500/15983 batches | lr 20.00 | ms/batch 17.57 | loss  4.84 | ppl   126.13
INFO:root:save figs in logs\2024-05-30_17-54-02
INFO:root:-----------------------------------------------------------------------------------------
INFO:root:| end of epoch   4 | time: 288.19s | valid loss  5.06 | valid ppl   158.07
INFO:root:-----------------------------------------------------------------------------------------
INFO:root:Model saved to logs\2024-05-30_17-54-02\model.pt
INFO:root:| epoch   5 |   500/15983 batches | lr 20.00 | ms/batch 17.55 | loss  4.88 | ppl   131.22
INFO:root:| epoch   5 |  1000/15983 batches | lr 20.00 | ms/batch 17.66 | loss  4.88 | ppl   131.39
INFO:root:| epoch   5 |  1500/15983 batches | lr 20.00 | ms/batch 18.07 | loss  4.89 | ppl   133.05
INFO:root:| epoch   5 |  2000/15983 batches | lr 20.00 | ms/batch 17.96 | loss  4.83 | ppl   125.58
INFO:root:| epoch   5 |  2500/15983 batches | lr 20.00 | ms/batch 18.64 | loss  4.83 | ppl   125.06
INFO:root:| epoch   5 |  3000/15983 batches | lr 20.00 | ms/batch 19.71 | loss  4.86 | ppl   129.29
INFO:root:| epoch   5 |  3500/15983 batches | lr 20.00 | ms/batch 20.05 | loss  4.88 | ppl   131.56
INFO:root:| epoch   5 |  4000/15983 batches | lr 20.00 | ms/batch 20.68 | loss  4.86 | ppl   129.36
INFO:root:| epoch   5 |  4500/15983 batches | lr 20.00 | ms/batch 20.20 | loss  4.88 | ppl   131.09
INFO:root:| epoch   5 |  5000/15983 batches | lr 20.00 | ms/batch 19.29 | loss  4.88 | ppl   131.44
INFO:root:| epoch   5 |  5500/15983 batches | lr 20.00 | ms/batch 20.17 | loss  4.88 | ppl   131.02
INFO:root:| epoch   5 |  6000/15983 batches | lr 20.00 | ms/batch 19.93 | loss  4.89 | ppl   132.89
INFO:root:| epoch   5 |  6500/15983 batches | lr 20.00 | ms/batch 19.67 | loss  4.85 | ppl   128.25
INFO:root:| epoch   5 |  7000/15983 batches | lr 20.00 | ms/batch 19.38 | loss  4.87 | ppl   129.73
INFO:root:| epoch   5 |  7500/15983 batches | lr 20.00 | ms/batch 18.11 | loss  4.84 | ppl   126.19
INFO:root:| epoch   5 |  8000/15983 batches | lr 20.00 | ms/batch 18.01 | loss  4.90 | ppl   134.49
INFO:root:| epoch   5 |  8500/15983 batches | lr 20.00 | ms/batch 18.28 | loss  4.86 | ppl   128.54
INFO:root:| epoch   5 |  9000/15983 batches | lr 20.00 | ms/batch 18.18 | loss  4.83 | ppl   124.87
INFO:root:| epoch   5 |  9500/15983 batches | lr 20.00 | ms/batch 17.92 | loss  4.84 | ppl   126.46
INFO:root:| epoch   5 | 10000/15983 batches | lr 20.00 | ms/batch 18.01 | loss  4.82 | ppl   123.79
INFO:root:| epoch   5 | 10500/15983 batches | lr 20.00 | ms/batch 18.10 | loss  4.87 | ppl   129.73
INFO:root:| epoch   5 | 11000/15983 batches | lr 20.00 | ms/batch 17.83 | loss  4.87 | ppl   130.53
INFO:root:| epoch   5 | 11500/15983 batches | lr 20.00 | ms/batch 17.90 | loss  4.85 | ppl   127.54
INFO:root:| epoch   5 | 12000/15983 batches | lr 20.00 | ms/batch 18.18 | loss  4.85 | ppl   127.23
INFO:root:| epoch   5 | 12500/15983 batches | lr 20.00 | ms/batch 18.20 | loss  4.81 | ppl   122.57
INFO:root:| epoch   5 | 13000/15983 batches | lr 20.00 | ms/batch 18.20 | loss  4.83 | ppl   125.72
INFO:root:| epoch   5 | 13500/15983 batches | lr 20.00 | ms/batch 18.22 | loss  4.85 | ppl   127.58
INFO:root:| epoch   5 | 14000/15983 batches | lr 20.00 | ms/batch 18.24 | loss  4.87 | ppl   130.33
INFO:root:| epoch   5 | 14500/15983 batches | lr 20.00 | ms/batch 18.22 | loss  4.83 | ppl   124.98
INFO:root:| epoch   5 | 15000/15983 batches | lr 20.00 | ms/batch 18.75 | loss  4.82 | ppl   124.37
INFO:root:| epoch   5 | 15500/15983 batches | lr 20.00 | ms/batch 17.88 | loss  4.81 | ppl   123.03
INFO:root:save figs in logs\2024-05-30_17-54-02
INFO:root:-----------------------------------------------------------------------------------------
INFO:root:| end of epoch   5 | time: 299.07s | valid loss  5.05 | valid ppl   155.87
INFO:root:-----------------------------------------------------------------------------------------
INFO:root:Model saved to logs\2024-05-30_17-54-02\model.pt
INFO:root:| epoch   6 |   500/15983 batches | lr 20.00 | ms/batch 18.02 | loss  4.85 | ppl   128.13
INFO:root:| epoch   6 |  1000/15983 batches | lr 20.00 | ms/batch 17.82 | loss  4.85 | ppl   128.09
INFO:root:| epoch   6 |  1500/15983 batches | lr 20.00 | ms/batch 18.66 | loss  4.87 | ppl   129.92
INFO:root:| epoch   6 |  2000/15983 batches | lr 20.00 | ms/batch 18.92 | loss  4.81 | ppl   122.68
INFO:root:| epoch   6 |  2500/15983 batches | lr 20.00 | ms/batch 18.24 | loss  4.81 | ppl   122.52
INFO:root:| epoch   6 |  3000/15983 batches | lr 20.00 | ms/batch 17.87 | loss  4.84 | ppl   126.81
INFO:root:| epoch   6 |  3500/15983 batches | lr 20.00 | ms/batch 17.89 | loss  4.86 | ppl   128.57
INFO:root:| epoch   6 |  4000/15983 batches | lr 20.00 | ms/batch 18.27 | loss  4.84 | ppl   126.67
INFO:root:| epoch   6 |  4500/15983 batches | lr 20.00 | ms/batch 18.54 | loss  4.85 | ppl   127.89
INFO:root:| epoch   6 |  5000/15983 batches | lr 20.00 | ms/batch 18.09 | loss  4.86 | ppl   128.73
INFO:root:| epoch   6 |  5500/15983 batches | lr 20.00 | ms/batch 18.17 | loss  4.85 | ppl   128.07
INFO:root:| epoch   6 |  6000/15983 batches | lr 20.00 | ms/batch 18.66 | loss  4.87 | ppl   130.18
INFO:root:| epoch   6 |  6500/15983 batches | lr 20.00 | ms/batch 18.18 | loss  4.83 | ppl   125.78
INFO:root:| epoch   6 |  7000/15983 batches | lr 20.00 | ms/batch 18.16 | loss  4.84 | ppl   126.97
INFO:root:| epoch   6 |  7500/15983 batches | lr 20.00 | ms/batch 18.18 | loss  4.82 | ppl   123.63
INFO:root:| epoch   6 |  8000/15983 batches | lr 20.00 | ms/batch 17.89 | loss  4.88 | ppl   131.51
INFO:root:| epoch   6 |  8500/15983 batches | lr 20.00 | ms/batch 17.79 | loss  4.84 | ppl   125.97
INFO:root:| epoch   6 |  9000/15983 batches | lr 20.00 | ms/batch 17.90 | loss  4.81 | ppl   122.24
INFO:root:| epoch   6 |  9500/15983 batches | lr 20.00 | ms/batch 17.85 | loss  4.82 | ppl   124.16
INFO:root:| epoch   6 | 10000/15983 batches | lr 20.00 | ms/batch 17.94 | loss  4.80 | ppl   121.67
INFO:root:| epoch   6 | 10500/15983 batches | lr 20.00 | ms/batch 17.70 | loss  4.85 | ppl   127.50
INFO:root:| epoch   6 | 11000/15983 batches | lr 20.00 | ms/batch 18.02 | loss  4.85 | ppl   127.99
INFO:root:| epoch   6 | 11500/15983 batches | lr 20.00 | ms/batch 18.37 | loss  4.83 | ppl   124.82
INFO:root:| epoch   6 | 12000/15983 batches | lr 20.00 | ms/batch 17.93 | loss  4.83 | ppl   124.65
INFO:root:| epoch   6 | 12500/15983 batches | lr 20.00 | ms/batch 17.99 | loss  4.79 | ppl   120.60
INFO:root:| epoch   6 | 13000/15983 batches | lr 20.00 | ms/batch 17.85 | loss  4.82 | ppl   123.40
INFO:root:| epoch   6 | 13500/15983 batches | lr 20.00 | ms/batch 17.86 | loss  4.83 | ppl   125.40
INFO:root:| epoch   6 | 14000/15983 batches | lr 20.00 | ms/batch 18.26 | loss  4.85 | ppl   127.84
INFO:root:| epoch   6 | 14500/15983 batches | lr 20.00 | ms/batch 18.21 | loss  4.81 | ppl   123.31
INFO:root:| epoch   6 | 15000/15983 batches | lr 20.00 | ms/batch 18.07 | loss  4.81 | ppl   122.24
INFO:root:| epoch   6 | 15500/15983 batches | lr 20.00 | ms/batch 18.12 | loss  4.80 | ppl   121.07
INFO:root:save figs in logs\2024-05-30_17-54-02
INFO:root:-----------------------------------------------------------------------------------------
INFO:root:| end of epoch   6 | time: 291.11s | valid loss  5.04 | valid ppl   154.34
INFO:root:-----------------------------------------------------------------------------------------
INFO:root:Model saved to logs\2024-05-30_17-54-02\model.pt
INFO:root:| epoch   7 |   500/15983 batches | lr 20.00 | ms/batch 18.04 | loss  4.84 | ppl   125.89
INFO:root:| epoch   7 |  1000/15983 batches | lr 20.00 | ms/batch 17.87 | loss  4.84 | ppl   125.96
INFO:root:| epoch   7 |  1500/15983 batches | lr 20.00 | ms/batch 17.88 | loss  4.85 | ppl   127.50
INFO:root:| epoch   7 |  2000/15983 batches | lr 20.00 | ms/batch 18.24 | loss  4.79 | ppl   120.65
INFO:root:| epoch   7 |  2500/15983 batches | lr 20.00 | ms/batch 18.30 | loss  4.79 | ppl   120.63
INFO:root:| epoch   7 |  3000/15983 batches | lr 20.00 | ms/batch 18.34 | loss  4.82 | ppl   124.48
INFO:root:| epoch   7 |  3500/15983 batches | lr 20.00 | ms/batch 18.73 | loss  4.84 | ppl   126.23
INFO:root:| epoch   7 |  4000/15983 batches | lr 20.00 | ms/batch 18.37 | loss  4.82 | ppl   124.29
INFO:root:| epoch   7 |  4500/15983 batches | lr 20.00 | ms/batch 17.76 | loss  4.84 | ppl   125.87
INFO:root:| epoch   7 |  5000/15983 batches | lr 20.00 | ms/batch 17.64 | loss  4.84 | ppl   126.42
INFO:root:| epoch   7 |  5500/15983 batches | lr 20.00 | ms/batch 18.27 | loss  4.84 | ppl   126.13
INFO:root:| epoch   7 |  6000/15983 batches | lr 20.00 | ms/batch 18.41 | loss  4.85 | ppl   127.67
INFO:root:| epoch   7 |  6500/15983 batches | lr 20.00 | ms/batch 17.84 | loss  4.82 | ppl   123.81
INFO:root:| epoch   7 |  7000/15983 batches | lr 20.00 | ms/batch 18.18 | loss  4.83 | ppl   124.64
INFO:root:| epoch   7 |  7500/15983 batches | lr 20.00 | ms/batch 18.00 | loss  4.80 | ppl   121.98
INFO:root:| epoch   7 |  8000/15983 batches | lr 20.00 | ms/batch 17.64 | loss  4.86 | ppl   129.05
INFO:root:| epoch   7 |  8500/15983 batches | lr 20.00 | ms/batch 17.75 | loss  4.82 | ppl   124.15
INFO:root:| epoch   7 |  9000/15983 batches | lr 20.00 | ms/batch 18.01 | loss  4.79 | ppl   120.24
INFO:root:| epoch   7 |  9500/15983 batches | lr 20.00 | ms/batch 17.89 | loss  4.81 | ppl   122.54
INFO:root:| epoch   7 | 10000/15983 batches | lr 20.00 | ms/batch 18.11 | loss  4.79 | ppl   120.06
INFO:root:| epoch   7 | 10500/15983 batches | lr 20.00 | ms/batch 18.03 | loss  4.83 | ppl   125.48
INFO:root:| epoch   7 | 11000/15983 batches | lr 20.00 | ms/batch 18.61 | loss  4.84 | ppl   126.06
INFO:root:| epoch   7 | 11500/15983 batches | lr 20.00 | ms/batch 18.06 | loss  4.81 | ppl   123.15
INFO:root:| epoch   7 | 12000/15983 batches | lr 20.00 | ms/batch 18.12 | loss  4.81 | ppl   122.77
INFO:root:| epoch   7 | 12500/15983 batches | lr 20.00 | ms/batch 18.42 | loss  4.78 | ppl   118.81
INFO:root:| epoch   7 | 13000/15983 batches | lr 20.00 | ms/batch 17.80 | loss  4.80 | ppl   121.15
INFO:root:| epoch   7 | 13500/15983 batches | lr 20.00 | ms/batch 17.93 | loss  4.82 | ppl   123.81
INFO:root:| epoch   7 | 14000/15983 batches | lr 20.00 | ms/batch 17.79 | loss  4.84 | ppl   126.09
INFO:root:| epoch   7 | 14500/15983 batches | lr 20.00 | ms/batch 17.86 | loss  4.80 | ppl   121.55
INFO:root:| epoch   7 | 15000/15983 batches | lr 20.00 | ms/batch 18.19 | loss  4.79 | ppl   120.49
INFO:root:| epoch   7 | 15500/15983 batches | lr 20.00 | ms/batch 18.12 | loss  4.78 | ppl   119.37
INFO:root:save figs in logs\2024-05-30_17-54-02
INFO:root:-----------------------------------------------------------------------------------------
INFO:root:| end of epoch   7 | time: 290.47s | valid loss  5.04 | valid ppl   154.27
INFO:root:-----------------------------------------------------------------------------------------
INFO:root:Model saved to logs\2024-05-30_17-54-02\model.pt
INFO:root:| epoch   8 |   500/15983 batches | lr 20.00 | ms/batch 18.12 | loss  4.82 | ppl   124.06
INFO:root:| epoch   8 |  1000/15983 batches | lr 20.00 | ms/batch 18.44 | loss  4.82 | ppl   124.09
INFO:root:| epoch   8 |  1500/15983 batches | lr 20.00 | ms/batch 18.38 | loss  4.83 | ppl   125.63
INFO:root:| epoch   8 |  2000/15983 batches | lr 20.00 | ms/batch 18.15 | loss  4.78 | ppl   118.71
INFO:root:| epoch   8 |  2500/15983 batches | lr 20.00 | ms/batch 18.20 | loss  4.78 | ppl   119.23
INFO:root:| epoch   8 |  3000/15983 batches | lr 20.00 | ms/batch 17.88 | loss  4.81 | ppl   122.70
INFO:root:| epoch   8 |  3500/15983 batches | lr 20.00 | ms/batch 17.80 | loss  4.83 | ppl   124.76
INFO:root:| epoch   8 |  4000/15983 batches | lr 20.00 | ms/batch 17.65 | loss  4.81 | ppl   122.88
INFO:root:| epoch   8 |  4500/15983 batches | lr 20.00 | ms/batch 17.57 | loss  4.82 | ppl   123.95
INFO:root:| epoch   8 |  5000/15983 batches | lr 20.00 | ms/batch 17.81 | loss  4.82 | ppl   124.33
INFO:root:| epoch   8 |  5500/15983 batches | lr 20.00 | ms/batch 17.91 | loss  4.82 | ppl   124.42
INFO:root:| epoch   8 |  6000/15983 batches | lr 20.00 | ms/batch 18.02 | loss  4.84 | ppl   126.13
INFO:root:| epoch   8 |  6500/15983 batches | lr 20.00 | ms/batch 18.02 | loss  4.80 | ppl   121.99
INFO:root:| epoch   8 |  7000/15983 batches | lr 20.00 | ms/batch 18.04 | loss  4.82 | ppl   123.38
INFO:root:| epoch   8 |  7500/15983 batches | lr 20.00 | ms/batch 18.33 | loss  4.79 | ppl   120.09
INFO:root:| epoch   8 |  8000/15983 batches | lr 20.00 | ms/batch 18.01 | loss  4.85 | ppl   127.27
INFO:root:| epoch   8 |  8500/15983 batches | lr 20.00 | ms/batch 18.05 | loss  4.81 | ppl   122.22
INFO:root:| epoch   8 |  9000/15983 batches | lr 20.00 | ms/batch 18.14 | loss  4.78 | ppl   119.14
INFO:root:| epoch   8 |  9500/15983 batches | lr 20.00 | ms/batch 18.06 | loss  4.79 | ppl   120.83
INFO:root:| epoch   8 | 10000/15983 batches | lr 20.00 | ms/batch 18.46 | loss  4.77 | ppl   118.45
INFO:root:| epoch   8 | 10500/15983 batches | lr 20.00 | ms/batch 17.87 | loss  4.82 | ppl   123.94
INFO:root:| epoch   8 | 11000/15983 batches | lr 20.00 | ms/batch 18.04 | loss  4.82 | ppl   124.43
INFO:root:| epoch   8 | 11500/15983 batches | lr 20.00 | ms/batch 17.75 | loss  4.80 | ppl   121.82
INFO:root:| epoch   8 | 12000/15983 batches | lr 20.00 | ms/batch 17.73 | loss  4.80 | ppl   121.53
INFO:root:| epoch   8 | 12500/15983 batches | lr 20.00 | ms/batch 18.68 | loss  4.77 | ppl   117.43
INFO:root:| epoch   8 | 13000/15983 batches | lr 20.00 | ms/batch 18.25 | loss  4.79 | ppl   120.05
INFO:root:| epoch   8 | 13500/15983 batches | lr 20.00 | ms/batch 18.25 | loss  4.81 | ppl   122.16
INFO:root:| epoch   8 | 14000/15983 batches | lr 20.00 | ms/batch 18.25 | loss  4.82 | ppl   124.31
INFO:root:| epoch   8 | 14500/15983 batches | lr 20.00 | ms/batch 18.15 | loss  4.79 | ppl   120.27
INFO:root:| epoch   8 | 15000/15983 batches | lr 20.00 | ms/batch 18.24 | loss  4.78 | ppl   119.07
INFO:root:| epoch   8 | 15500/15983 batches | lr 20.00 | ms/batch 18.02 | loss  4.77 | ppl   117.78
INFO:root:save figs in logs\2024-05-30_17-54-02
INFO:root:-----------------------------------------------------------------------------------------
INFO:root:| end of epoch   8 | time: 290.65s | valid loss  5.02 | valid ppl   151.99
INFO:root:-----------------------------------------------------------------------------------------
INFO:root:Model saved to logs\2024-05-30_17-54-02\model.pt
INFO:root:| epoch   9 |   500/15983 batches | lr 20.00 | ms/batch 18.16 | loss  4.81 | ppl   122.57
INFO:root:| epoch   9 |  1000/15983 batches | lr 20.00 | ms/batch 17.76 | loss  4.81 | ppl   122.84
INFO:root:| epoch   9 |  1500/15983 batches | lr 20.00 | ms/batch 18.05 | loss  4.82 | ppl   124.10
INFO:root:| epoch   9 |  2000/15983 batches | lr 20.00 | ms/batch 17.68 | loss  4.76 | ppl   117.31
INFO:root:| epoch   9 |  2500/15983 batches | lr 20.00 | ms/batch 17.90 | loss  4.77 | ppl   117.93
INFO:root:| epoch   9 |  3000/15983 batches | lr 20.00 | ms/batch 17.98 | loss  4.80 | ppl   121.43
INFO:root:| epoch   9 |  3500/15983 batches | lr 20.00 | ms/batch 18.08 | loss  4.82 | ppl   123.79
INFO:root:| epoch   9 |  4000/15983 batches | lr 20.00 | ms/batch 17.64 | loss  4.80 | ppl   121.48
INFO:root:| epoch   9 |  4500/15983 batches | lr 20.00 | ms/batch 17.43 | loss  4.81 | ppl   122.46
INFO:root:| epoch   9 |  5000/15983 batches | lr 20.00 | ms/batch 17.49 | loss  4.81 | ppl   122.97
INFO:root:| epoch   9 |  5500/15983 batches | lr 20.00 | ms/batch 17.81 | loss  4.82 | ppl   123.48
INFO:root:| epoch   9 |  6000/15983 batches | lr 20.00 | ms/batch 17.96 | loss  4.83 | ppl   124.82
INFO:root:| epoch   9 |  6500/15983 batches | lr 20.00 | ms/batch 18.21 | loss  4.79 | ppl   120.88
INFO:root:| epoch   9 |  7000/15983 batches | lr 20.00 | ms/batch 18.09 | loss  4.80 | ppl   122.09
INFO:root:| epoch   9 |  7500/15983 batches | lr 20.00 | ms/batch 18.05 | loss  4.78 | ppl   119.07
INFO:root:| epoch   9 |  8000/15983 batches | lr 20.00 | ms/batch 18.26 | loss  4.84 | ppl   125.85
INFO:root:| epoch   9 |  8500/15983 batches | lr 20.00 | ms/batch 18.03 | loss  4.79 | ppl   120.81
INFO:root:| epoch   9 |  9000/15983 batches | lr 20.00 | ms/batch 17.96 | loss  4.77 | ppl   117.83
INFO:root:| epoch   9 |  9500/15983 batches | lr 20.00 | ms/batch 17.99 | loss  4.79 | ppl   120.17
INFO:root:| epoch   9 | 10000/15983 batches | lr 20.00 | ms/batch 18.53 | loss  4.76 | ppl   117.23
INFO:root:| epoch   9 | 10500/15983 batches | lr 20.00 | ms/batch 18.46 | loss  4.81 | ppl   122.84
INFO:root:| epoch   9 | 11000/15983 batches | lr 20.00 | ms/batch 18.83 | loss  4.81 | ppl   122.88
INFO:root:| epoch   9 | 11500/15983 batches | lr 20.00 | ms/batch 18.91 | loss  4.79 | ppl   120.85
INFO:root:| epoch   9 | 12000/15983 batches | lr 20.00 | ms/batch 18.96 | loss  4.79 | ppl   120.00
INFO:root:| epoch   9 | 12500/15983 batches | lr 20.00 | ms/batch 18.35 | loss  4.76 | ppl   116.22
INFO:root:| epoch   9 | 13000/15983 batches | lr 20.00 | ms/batch 18.54 | loss  4.78 | ppl   118.97
INFO:root:| epoch   9 | 13500/15983 batches | lr 20.00 | ms/batch 17.72 | loss  4.79 | ppl   120.85
INFO:root:| epoch   9 | 14000/15983 batches | lr 20.00 | ms/batch 18.67 | loss  4.81 | ppl   122.94
INFO:root:| epoch   9 | 14500/15983 batches | lr 20.00 | ms/batch 18.37 | loss  4.78 | ppl   119.11
INFO:root:| epoch   9 | 15000/15983 batches | lr 20.00 | ms/batch 17.99 | loss  4.78 | ppl   118.72
INFO:root:| epoch   9 | 15500/15983 batches | lr 20.00 | ms/batch 18.47 | loss  4.76 | ppl   116.81
INFO:root:save figs in logs\2024-05-30_17-54-02
INFO:root:-----------------------------------------------------------------------------------------
INFO:root:| end of epoch   9 | time: 291.76s | valid loss  5.03 | valid ppl   152.88
INFO:root:-----------------------------------------------------------------------------------------
INFO:root:| epoch  10 |   500/15983 batches | lr 5.00 | ms/batch 18.40 | loss  4.80 | ppl   121.61
INFO:root:| epoch  10 |  1000/15983 batches | lr 5.00 | ms/batch 18.28 | loss  4.79 | ppl   120.50
INFO:root:| epoch  10 |  1500/15983 batches | lr 5.00 | ms/batch 18.24 | loss  4.80 | ppl   121.37
INFO:root:| epoch  10 |  2000/15983 batches | lr 5.00 | ms/batch 18.19 | loss  4.73 | ppl   113.46
INFO:root:| epoch  10 |  2500/15983 batches | lr 5.00 | ms/batch 17.99 | loss  4.72 | ppl   111.81
INFO:root:| epoch  10 |  3000/15983 batches | lr 5.00 | ms/batch 18.25 | loss  4.75 | ppl   115.67
INFO:root:| epoch  10 |  3500/15983 batches | lr 5.00 | ms/batch 18.35 | loss  4.77 | ppl   117.56
INFO:root:| epoch  10 |  4000/15983 batches | lr 5.00 | ms/batch 18.10 | loss  4.74 | ppl   114.59
INFO:root:| epoch  10 |  4500/15983 batches | lr 5.00 | ms/batch 18.28 | loss  4.75 | ppl   115.57
INFO:root:| epoch  10 |  5000/15983 batches | lr 5.00 | ms/batch 18.38 | loss  4.75 | ppl   116.16
INFO:root:| epoch  10 |  5500/15983 batches | lr 5.00 | ms/batch 18.25 | loss  4.75 | ppl   116.02
INFO:root:| epoch  10 |  6000/15983 batches | lr 5.00 | ms/batch 18.54 | loss  4.76 | ppl   117.30
INFO:root:| epoch  10 |  6500/15983 batches | lr 5.00 | ms/batch 18.55 | loss  4.73 | ppl   113.14
INFO:root:| epoch  10 |  7000/15983 batches | lr 5.00 | ms/batch 17.94 | loss  4.74 | ppl   114.09
INFO:root:| epoch  10 |  7500/15983 batches | lr 5.00 | ms/batch 17.66 | loss  4.70 | ppl   110.38
INFO:root:| epoch  10 |  8000/15983 batches | lr 5.00 | ms/batch 17.79 | loss  4.75 | ppl   115.83
INFO:root:| epoch  10 |  8500/15983 batches | lr 5.00 | ms/batch 18.07 | loss  4.71 | ppl   111.51
INFO:root:| epoch  10 |  9000/15983 batches | lr 5.00 | ms/batch 17.83 | loss  4.68 | ppl   108.20
INFO:root:| epoch  10 |  9500/15983 batches | lr 5.00 | ms/batch 17.82 | loss  4.70 | ppl   110.07
INFO:root:| epoch  10 | 10000/15983 batches | lr 5.00 | ms/batch 17.91 | loss  4.68 | ppl   107.37
INFO:root:| epoch  10 | 10500/15983 batches | lr 5.00 | ms/batch 17.58 | loss  4.71 | ppl   111.61
INFO:root:| epoch  10 | 11000/15983 batches | lr 5.00 | ms/batch 18.19 | loss  4.72 | ppl   112.03
INFO:root:| epoch  10 | 11500/15983 batches | lr 5.00 | ms/batch 17.95 | loss  4.69 | ppl   109.20
INFO:root:| epoch  10 | 12000/15983 batches | lr 5.00 | ms/batch 17.86 | loss  4.69 | ppl   108.44
INFO:root:| epoch  10 | 12500/15983 batches | lr 5.00 | ms/batch 17.76 | loss  4.66 | ppl   105.29
INFO:root:| epoch  10 | 13000/15983 batches | lr 5.00 | ms/batch 18.03 | loss  4.67 | ppl   106.96
INFO:root:| epoch  10 | 13500/15983 batches | lr 5.00 | ms/batch 18.08 | loss  4.68 | ppl   107.79
INFO:root:| epoch  10 | 14000/15983 batches | lr 5.00 | ms/batch 18.69 | loss  4.70 | ppl   109.78
INFO:root:| epoch  10 | 14500/15983 batches | lr 5.00 | ms/batch 18.84 | loss  4.67 | ppl   106.60
INFO:root:| epoch  10 | 15000/15983 batches | lr 5.00 | ms/batch 18.04 | loss  4.66 | ppl   105.45
INFO:root:| epoch  10 | 15500/15983 batches | lr 5.00 | ms/batch 18.06 | loss  4.64 | ppl   103.49
INFO:root:save figs in logs\2024-05-30_17-54-02
INFO:root:-----------------------------------------------------------------------------------------
INFO:root:| end of epoch  10 | time: 291.30s | valid loss  4.95 | valid ppl   140.95
INFO:root:-----------------------------------------------------------------------------------------
INFO:root:Model saved to logs\2024-05-30_17-54-02\model.pt
INFO:root:| epoch  11 |   500/15983 batches | lr 5.00 | ms/batch 18.60 | loss  4.72 | ppl   112.13
INFO:root:| epoch  11 |  1000/15983 batches | lr 5.00 | ms/batch 18.04 | loss  4.72 | ppl   112.65
INFO:root:| epoch  11 |  1500/15983 batches | lr 5.00 | ms/batch 18.71 | loss  4.74 | ppl   113.97
INFO:root:| epoch  11 |  2000/15983 batches | lr 5.00 | ms/batch 17.84 | loss  4.68 | ppl   107.51
INFO:root:| epoch  11 |  2500/15983 batches | lr 5.00 | ms/batch 17.90 | loss  4.67 | ppl   107.00
INFO:root:| epoch  11 |  3000/15983 batches | lr 5.00 | ms/batch 17.37 | loss  4.71 | ppl   110.74
INFO:root:| epoch  11 |  3500/15983 batches | lr 5.00 | ms/batch 17.96 | loss  4.72 | ppl   112.50
INFO:root:| epoch  11 |  4000/15983 batches | lr 5.00 | ms/batch 18.14 | loss  4.70 | ppl   109.49
INFO:root:| epoch  11 |  4500/15983 batches | lr 5.00 | ms/batch 18.40 | loss  4.71 | ppl   110.66
INFO:root:| epoch  11 |  5000/15983 batches | lr 5.00 | ms/batch 17.89 | loss  4.71 | ppl   111.36
INFO:root:| epoch  11 |  5500/15983 batches | lr 5.00 | ms/batch 18.20 | loss  4.72 | ppl   112.12
INFO:root:| epoch  11 |  6000/15983 batches | lr 5.00 | ms/batch 18.00 | loss  4.73 | ppl   113.46
INFO:root:| epoch  11 |  6500/15983 batches | lr 5.00 | ms/batch 17.99 | loss  4.69 | ppl   109.02
INFO:root:| epoch  11 |  7000/15983 batches | lr 5.00 | ms/batch 17.90 | loss  4.70 | ppl   110.42
INFO:root:| epoch  11 |  7500/15983 batches | lr 5.00 | ms/batch 18.27 | loss  4.67 | ppl   106.85
INFO:root:| epoch  11 |  8000/15983 batches | lr 5.00 | ms/batch 18.46 | loss  4.73 | ppl   112.83
INFO:root:| epoch  11 |  8500/15983 batches | lr 5.00 | ms/batch 17.91 | loss  4.69 | ppl   108.37
INFO:root:| epoch  11 |  9000/15983 batches | lr 5.00 | ms/batch 18.36 | loss  4.66 | ppl   105.47
INFO:root:| epoch  11 |  9500/15983 batches | lr 5.00 | ms/batch 18.00 | loss  4.68 | ppl   107.42
INFO:root:| epoch  11 | 10000/15983 batches | lr 5.00 | ms/batch 18.44 | loss  4.65 | ppl   105.10
INFO:root:| epoch  11 | 10500/15983 batches | lr 5.00 | ms/batch 17.98 | loss  4.70 | ppl   109.49
INFO:root:| epoch  11 | 11000/15983 batches | lr 5.00 | ms/batch 18.12 | loss  4.70 | ppl   109.80
INFO:root:| epoch  11 | 11500/15983 batches | lr 5.00 | ms/batch 18.52 | loss  4.68 | ppl   107.42
INFO:root:| epoch  11 | 12000/15983 batches | lr 5.00 | ms/batch 18.28 | loss  4.67 | ppl   107.00
INFO:root:| epoch  11 | 12500/15983 batches | lr 5.00 | ms/batch 18.33 | loss  4.64 | ppl   103.82
INFO:root:| epoch  11 | 13000/15983 batches | lr 5.00 | ms/batch 18.03 | loss  4.66 | ppl   105.48
INFO:root:| epoch  11 | 13500/15983 batches | lr 5.00 | ms/batch 18.46 | loss  4.67 | ppl   106.87
INFO:root:| epoch  11 | 14000/15983 batches | lr 5.00 | ms/batch 18.36 | loss  4.69 | ppl   108.44
INFO:root:| epoch  11 | 14500/15983 batches | lr 5.00 | ms/batch 18.32 | loss  4.66 | ppl   105.51
INFO:root:| epoch  11 | 15000/15983 batches | lr 5.00 | ms/batch 18.38 | loss  4.65 | ppl   104.68
INFO:root:| epoch  11 | 15500/15983 batches | lr 5.00 | ms/batch 17.93 | loss  4.64 | ppl   103.05
INFO:root:save figs in logs\2024-05-30_17-54-02
INFO:root:-----------------------------------------------------------------------------------------
INFO:root:| end of epoch  11 | time: 292.21s | valid loss  4.94 | valid ppl   139.58
INFO:root:-----------------------------------------------------------------------------------------
INFO:root:Model saved to logs\2024-05-30_17-54-02\model.pt
INFO:root:| epoch  12 |   500/15983 batches | lr 5.00 | ms/batch 17.86 | loss  4.70 | ppl   109.99
INFO:root:| epoch  12 |  1000/15983 batches | lr 5.00 | ms/batch 18.02 | loss  4.70 | ppl   110.34
INFO:root:| epoch  12 |  1500/15983 batches | lr 5.00 | ms/batch 18.22 | loss  4.71 | ppl   111.37
INFO:root:| epoch  12 |  2000/15983 batches | lr 5.00 | ms/batch 18.71 | loss  4.66 | ppl   105.54
INFO:root:| epoch  12 |  2500/15983 batches | lr 5.00 | ms/batch 18.12 | loss  4.66 | ppl   105.62
INFO:root:| epoch  12 |  3000/15983 batches | lr 5.00 | ms/batch 18.46 | loss  4.69 | ppl   108.96
INFO:root:| epoch  12 |  3500/15983 batches | lr 5.00 | ms/batch 18.56 | loss  4.71 | ppl   110.55
INFO:root:| epoch  12 |  4000/15983 batches | lr 5.00 | ms/batch 18.40 | loss  4.68 | ppl   107.53
INFO:root:| epoch  12 |  4500/15983 batches | lr 5.00 | ms/batch 18.41 | loss  4.69 | ppl   109.00
INFO:root:| epoch  12 |  5000/15983 batches | lr 5.00 | ms/batch 18.56 | loss  4.70 | ppl   109.70
INFO:root:| epoch  12 |  5500/15983 batches | lr 5.00 | ms/batch 18.69 | loss  4.70 | ppl   110.38
INFO:root:| epoch  12 |  6000/15983 batches | lr 5.00 | ms/batch 18.32 | loss  4.71 | ppl   111.49
INFO:root:| epoch  12 |  6500/15983 batches | lr 5.00 | ms/batch 18.22 | loss  4.68 | ppl   107.67
INFO:root:| epoch  12 |  7000/15983 batches | lr 5.00 | ms/batch 18.51 | loss  4.69 | ppl   108.92
INFO:root:| epoch  12 |  7500/15983 batches | lr 5.00 | ms/batch 17.88 | loss  4.66 | ppl   105.63
INFO:root:| epoch  12 |  8000/15983 batches | lr 5.00 | ms/batch 18.06 | loss  4.71 | ppl   111.16
INFO:root:| epoch  12 |  8500/15983 batches | lr 5.00 | ms/batch 18.47 | loss  4.67 | ppl   106.72
INFO:root:| epoch  12 |  9000/15983 batches | lr 5.00 | ms/batch 18.04 | loss  4.65 | ppl   104.47
INFO:root:| epoch  12 |  9500/15983 batches | lr 5.00 | ms/batch 17.99 | loss  4.67 | ppl   106.40
INFO:root:| epoch  12 | 10000/15983 batches | lr 5.00 | ms/batch 18.05 | loss  4.64 | ppl   103.74
INFO:root:| epoch  12 | 10500/15983 batches | lr 5.00 | ms/batch 17.76 | loss  4.69 | ppl   108.53
INFO:root:| epoch  12 | 11000/15983 batches | lr 5.00 | ms/batch 17.64 | loss  4.69 | ppl   108.88
INFO:root:| epoch  12 | 11500/15983 batches | lr 5.00 | ms/batch 17.74 | loss  4.67 | ppl   106.30
INFO:root:| epoch  12 | 12000/15983 batches | lr 5.00 | ms/batch 18.08 | loss  4.66 | ppl   105.92
INFO:root:| epoch  12 | 12500/15983 batches | lr 5.00 | ms/batch 18.53 | loss  4.63 | ppl   102.92
INFO:root:| epoch  12 | 13000/15983 batches | lr 5.00 | ms/batch 17.96 | loss  4.65 | ppl   104.78
INFO:root:| epoch  12 | 13500/15983 batches | lr 5.00 | ms/batch 18.52 | loss  4.66 | ppl   106.01
INFO:root:| epoch  12 | 14000/15983 batches | lr 5.00 | ms/batch 18.54 | loss  4.68 | ppl   107.74
INFO:root:| epoch  12 | 14500/15983 batches | lr 5.00 | ms/batch 17.63 | loss  4.66 | ppl   105.15
INFO:root:| epoch  12 | 15000/15983 batches | lr 5.00 | ms/batch 17.65 | loss  4.65 | ppl   104.08
INFO:root:| epoch  12 | 15500/15983 batches | lr 5.00 | ms/batch 17.79 | loss  4.63 | ppl   102.51
INFO:root:save figs in logs\2024-05-30_17-54-02
INFO:root:-----------------------------------------------------------------------------------------
INFO:root:| end of epoch  12 | time: 291.69s | valid loss  4.94 | valid ppl   139.17
INFO:root:-----------------------------------------------------------------------------------------
INFO:root:Model saved to logs\2024-05-30_17-54-02\model.pt
INFO:root:| epoch  13 |   500/15983 batches | lr 5.00 | ms/batch 17.78 | loss  4.69 | ppl   108.69
INFO:root:| epoch  13 |  1000/15983 batches | lr 5.00 | ms/batch 18.75 | loss  4.69 | ppl   108.84
INFO:root:| epoch  13 |  1500/15983 batches | lr 5.00 | ms/batch 18.82 | loss  4.70 | ppl   109.94
INFO:root:| epoch  13 |  2000/15983 batches | lr 5.00 | ms/batch 18.43 | loss  4.65 | ppl   104.29
INFO:root:| epoch  13 |  2500/15983 batches | lr 5.00 | ms/batch 17.87 | loss  4.65 | ppl   104.15
INFO:root:| epoch  13 |  3000/15983 batches | lr 5.00 | ms/batch 17.54 | loss  4.68 | ppl   107.62
INFO:root:| epoch  13 |  3500/15983 batches | lr 5.00 | ms/batch 17.67 | loss  4.69 | ppl   109.37
INFO:root:| epoch  13 |  4000/15983 batches | lr 5.00 | ms/batch 17.74 | loss  4.67 | ppl   106.45
INFO:root:| epoch  13 |  4500/15983 batches | lr 5.00 | ms/batch 17.52 | loss  4.68 | ppl   108.07
INFO:root:| epoch  13 |  5000/15983 batches | lr 5.00 | ms/batch 17.65 | loss  4.69 | ppl   108.49
INFO:root:| epoch  13 |  5500/15983 batches | lr 5.00 | ms/batch 17.57 | loss  4.69 | ppl   109.39
INFO:root:| epoch  13 |  6000/15983 batches | lr 5.00 | ms/batch 17.62 | loss  4.70 | ppl   110.29
INFO:root:| epoch  13 |  6500/15983 batches | lr 5.00 | ms/batch 17.52 | loss  4.67 | ppl   106.69
INFO:root:| epoch  13 |  7000/15983 batches | lr 5.00 | ms/batch 17.47 | loss  4.68 | ppl   107.90
INFO:root:| epoch  13 |  7500/15983 batches | lr 5.00 | ms/batch 17.45 | loss  4.65 | ppl   104.50
INFO:root:| epoch  13 |  8000/15983 batches | lr 5.00 | ms/batch 17.63 | loss  4.70 | ppl   109.85
INFO:root:| epoch  13 |  8500/15983 batches | lr 5.00 | ms/batch 17.68 | loss  4.66 | ppl   105.88
INFO:root:| epoch  13 |  9000/15983 batches | lr 5.00 | ms/batch 17.65 | loss  4.64 | ppl   103.43
INFO:root:| epoch  13 |  9500/15983 batches | lr 5.00 | ms/batch 17.58 | loss  4.66 | ppl   105.44
INFO:root:| epoch  13 | 10000/15983 batches | lr 5.00 | ms/batch 17.56 | loss  4.63 | ppl   102.72
INFO:root:| epoch  13 | 10500/15983 batches | lr 5.00 | ms/batch 17.58 | loss  4.68 | ppl   107.61
INFO:root:| epoch  13 | 11000/15983 batches | lr 5.00 | ms/batch 17.55 | loss  4.68 | ppl   108.02
INFO:root:| epoch  13 | 11500/15983 batches | lr 5.00 | ms/batch 17.52 | loss  4.66 | ppl   105.69
INFO:root:| epoch  13 | 12000/15983 batches | lr 5.00 | ms/batch 17.47 | loss  4.65 | ppl   105.06
INFO:root:| epoch  13 | 12500/15983 batches | lr 5.00 | ms/batch 17.64 | loss  4.63 | ppl   102.15
INFO:root:| epoch  13 | 13000/15983 batches | lr 5.00 | ms/batch 17.57 | loss  4.65 | ppl   104.17
INFO:root:| epoch  13 | 13500/15983 batches | lr 5.00 | ms/batch 17.62 | loss  4.66 | ppl   105.39
INFO:root:| epoch  13 | 14000/15983 batches | lr 5.00 | ms/batch 17.50 | loss  4.67 | ppl   107.15
INFO:root:| epoch  13 | 14500/15983 batches | lr 5.00 | ms/batch 17.56 | loss  4.65 | ppl   104.51
INFO:root:| epoch  13 | 15000/15983 batches | lr 5.00 | ms/batch 17.72 | loss  4.64 | ppl   103.54
INFO:root:| epoch  13 | 15500/15983 batches | lr 5.00 | ms/batch 17.73 | loss  4.62 | ppl   101.95
INFO:root:save figs in logs\2024-05-30_17-54-02
INFO:root:-----------------------------------------------------------------------------------------
INFO:root:| end of epoch  13 | time: 284.57s | valid loss  4.94 | valid ppl   139.08
INFO:root:-----------------------------------------------------------------------------------------
INFO:root:Model saved to logs\2024-05-30_17-54-02\model.pt
INFO:root:| epoch  14 |   500/15983 batches | lr 5.00 | ms/batch 18.00 | loss  4.68 | ppl   107.64
INFO:root:| epoch  14 |  1000/15983 batches | lr 5.00 | ms/batch 17.77 | loss  4.68 | ppl   107.75
INFO:root:| epoch  14 |  1500/15983 batches | lr 5.00 | ms/batch 17.77 | loss  4.69 | ppl   108.93
INFO:root:| epoch  14 |  2000/15983 batches | lr 5.00 | ms/batch 17.81 | loss  4.64 | ppl   103.36
INFO:root:| epoch  14 |  2500/15983 batches | lr 5.00 | ms/batch 18.17 | loss  4.64 | ppl   103.38
INFO:root:| epoch  14 |  3000/15983 batches | lr 5.00 | ms/batch 18.00 | loss  4.67 | ppl   106.90
INFO:root:| epoch  14 |  3500/15983 batches | lr 5.00 | ms/batch 18.22 | loss  4.69 | ppl   108.41
INFO:root:| epoch  14 |  4000/15983 batches | lr 5.00 | ms/batch 20.73 | loss  4.66 | ppl   105.48
INFO:root:| epoch  14 |  4500/15983 batches | lr 5.00 | ms/batch 18.35 | loss  4.67 | ppl   106.91
INFO:root:| epoch  14 |  5000/15983 batches | lr 5.00 | ms/batch 18.13 | loss  4.68 | ppl   107.42
INFO:root:| epoch  14 |  5500/15983 batches | lr 5.00 | ms/batch 17.95 | loss  4.68 | ppl   108.28
INFO:root:| epoch  14 |  6000/15983 batches | lr 5.00 | ms/batch 18.05 | loss  4.70 | ppl   109.52
INFO:root:| epoch  14 |  6500/15983 batches | lr 5.00 | ms/batch 17.85 | loss  4.66 | ppl   106.08
INFO:root:| epoch  14 |  7000/15983 batches | lr 5.00 | ms/batch 18.04 | loss  4.67 | ppl   106.99
INFO:root:| epoch  14 |  7500/15983 batches | lr 5.00 | ms/batch 18.42 | loss  4.64 | ppl   103.71
INFO:root:| epoch  14 |  8000/15983 batches | lr 5.00 | ms/batch 18.63 | loss  4.69 | ppl   108.97
INFO:root:| epoch  14 |  8500/15983 batches | lr 5.00 | ms/batch 17.91 | loss  4.66 | ppl   105.27
INFO:root:| epoch  14 |  9000/15983 batches | lr 5.00 | ms/batch 17.95 | loss  4.63 | ppl   102.73
INFO:root:| epoch  14 |  9500/15983 batches | lr 5.00 | ms/batch 17.86 | loss  4.65 | ppl   104.69
INFO:root:| epoch  14 | 10000/15983 batches | lr 5.00 | ms/batch 17.85 | loss  4.62 | ppl   101.98
INFO:root:| epoch  14 | 10500/15983 batches | lr 5.00 | ms/batch 17.91 | loss  4.67 | ppl   106.57
INFO:root:| epoch  14 | 11000/15983 batches | lr 5.00 | ms/batch 17.95 | loss  4.67 | ppl   107.18
INFO:root:| epoch  14 | 11500/15983 batches | lr 5.00 | ms/batch 18.11 | loss  4.65 | ppl   104.79
INFO:root:| epoch  14 | 12000/15983 batches | lr 5.00 | ms/batch 17.84 | loss  4.65 | ppl   104.52
INFO:root:| epoch  14 | 12500/15983 batches | lr 5.00 | ms/batch 17.90 | loss  4.62 | ppl   101.65
INFO:root:| epoch  14 | 13000/15983 batches | lr 5.00 | ms/batch 17.83 | loss  4.64 | ppl   103.36
INFO:root:| epoch  14 | 13500/15983 batches | lr 5.00 | ms/batch 17.84 | loss  4.65 | ppl   104.69
INFO:root:| epoch  14 | 14000/15983 batches | lr 5.00 | ms/batch 17.85 | loss  4.67 | ppl   106.28
INFO:root:| epoch  14 | 14500/15983 batches | lr 5.00 | ms/batch 18.07 | loss  4.64 | ppl   103.64
INFO:root:| epoch  14 | 15000/15983 batches | lr 5.00 | ms/batch 18.30 | loss  4.63 | ppl   102.90
INFO:root:| epoch  14 | 15500/15983 batches | lr 5.00 | ms/batch 18.19 | loss  4.62 | ppl   101.43
INFO:root:save figs in logs\2024-05-30_17-54-02
INFO:root:-----------------------------------------------------------------------------------------
INFO:root:| end of epoch  14 | time: 291.01s | valid loss  4.93 | valid ppl   138.21
INFO:root:-----------------------------------------------------------------------------------------
INFO:root:Model saved to logs\2024-05-30_17-54-02\model.pt
INFO:root:| epoch  15 |   500/15983 batches | lr 5.00 | ms/batch 18.13 | loss  4.67 | ppl   106.78
INFO:root:| epoch  15 |  1000/15983 batches | lr 5.00 | ms/batch 18.10 | loss  4.67 | ppl   106.75
INFO:root:| epoch  15 |  1500/15983 batches | lr 5.00 | ms/batch 17.60 | loss  4.68 | ppl   107.81
INFO:root:| epoch  15 |  2000/15983 batches | lr 5.00 | ms/batch 17.88 | loss  4.63 | ppl   102.51
INFO:root:| epoch  15 |  2500/15983 batches | lr 5.00 | ms/batch 17.84 | loss  4.63 | ppl   102.88
INFO:root:| epoch  15 |  3000/15983 batches | lr 5.00 | ms/batch 17.69 | loss  4.66 | ppl   105.95
INFO:root:| epoch  15 |  3500/15983 batches | lr 5.00 | ms/batch 17.50 | loss  4.68 | ppl   107.61
INFO:root:| epoch  15 |  4000/15983 batches | lr 5.00 | ms/batch 17.70 | loss  4.65 | ppl   104.54
INFO:root:| epoch  15 |  4500/15983 batches | lr 5.00 | ms/batch 17.75 | loss  4.66 | ppl   105.81
INFO:root:| epoch  15 |  5000/15983 batches | lr 5.00 | ms/batch 17.99 | loss  4.67 | ppl   106.48
INFO:root:| epoch  15 |  5500/15983 batches | lr 5.00 | ms/batch 17.86 | loss  4.68 | ppl   107.87
INFO:root:| epoch  15 |  6000/15983 batches | lr 5.00 | ms/batch 17.90 | loss  4.69 | ppl   108.75
INFO:root:| epoch  15 |  6500/15983 batches | lr 5.00 | ms/batch 18.01 | loss  4.66 | ppl   105.13
INFO:root:| epoch  15 |  7000/15983 batches | lr 5.00 | ms/batch 18.23 | loss  4.67 | ppl   106.31
INFO:root:| epoch  15 |  7500/15983 batches | lr 5.00 | ms/batch 17.93 | loss  4.64 | ppl   103.16
INFO:root:| epoch  15 |  8000/15983 batches | lr 5.00 | ms/batch 18.51 | loss  4.68 | ppl   108.28
INFO:root:| epoch  15 |  8500/15983 batches | lr 5.00 | ms/batch 18.02 | loss  4.65 | ppl   104.31
INFO:root:| epoch  15 |  9000/15983 batches | lr 5.00 | ms/batch 17.77 | loss  4.63 | ppl   102.14
INFO:root:| epoch  15 |  9500/15983 batches | lr 5.00 | ms/batch 18.02 | loss  4.64 | ppl   104.04
INFO:root:| epoch  15 | 10000/15983 batches | lr 5.00 | ms/batch 18.11 | loss  4.62 | ppl   101.45
INFO:root:| epoch  15 | 10500/15983 batches | lr 5.00 | ms/batch 17.78 | loss  4.67 | ppl   106.21
INFO:root:| epoch  15 | 11000/15983 batches | lr 5.00 | ms/batch 18.26 | loss  4.67 | ppl   106.43
INFO:root:| epoch  15 | 11500/15983 batches | lr 5.00 | ms/batch 18.23 | loss  4.65 | ppl   104.12
INFO:root:| epoch  15 | 12000/15983 batches | lr 5.00 | ms/batch 18.51 | loss  4.64 | ppl   103.73
INFO:root:| epoch  15 | 12500/15983 batches | lr 5.00 | ms/batch 17.83 | loss  4.62 | ppl   101.26
INFO:root:| epoch  15 | 13000/15983 batches | lr 5.00 | ms/batch 17.71 | loss  4.63 | ppl   102.87
INFO:root:| epoch  15 | 13500/15983 batches | lr 5.00 | ms/batch 17.76 | loss  4.65 | ppl   104.14
INFO:root:| epoch  15 | 14000/15983 batches | lr 5.00 | ms/batch 17.90 | loss  4.66 | ppl   105.64
INFO:root:| epoch  15 | 14500/15983 batches | lr 5.00 | ms/batch 17.72 | loss  4.64 | ppl   103.38
INFO:root:| epoch  15 | 15000/15983 batches | lr 5.00 | ms/batch 17.67 | loss  4.63 | ppl   102.54
INFO:root:| epoch  15 | 15500/15983 batches | lr 5.00 | ms/batch 17.86 | loss  4.61 | ppl   100.98
INFO:root:save figs in logs\2024-05-30_17-54-02
INFO:root:-----------------------------------------------------------------------------------------
INFO:root:| end of epoch  15 | time: 288.05s | valid loss  4.93 | valid ppl   138.50
INFO:root:-----------------------------------------------------------------------------------------
INFO:root:| epoch  16 |   500/15983 batches | lr 1.25 | ms/batch 17.60 | loss  4.68 | ppl   107.37
INFO:root:| epoch  16 |  1000/15983 batches | lr 1.25 | ms/batch 17.76 | loss  4.68 | ppl   107.58
INFO:root:| epoch  16 |  1500/15983 batches | lr 1.25 | ms/batch 17.65 | loss  4.69 | ppl   108.78
INFO:root:| epoch  16 |  2000/15983 batches | lr 1.25 | ms/batch 17.63 | loss  4.63 | ppl   102.84
INFO:root:| epoch  16 |  2500/15983 batches | lr 1.25 | ms/batch 17.69 | loss  4.63 | ppl   102.22
INFO:root:| epoch  16 |  3000/15983 batches | lr 1.25 | ms/batch 17.68 | loss  4.66 | ppl   106.07
INFO:root:| epoch  16 |  3500/15983 batches | lr 1.25 | ms/batch 17.69 | loss  4.67 | ppl   106.98
INFO:root:| epoch  16 |  4000/15983 batches | lr 1.25 | ms/batch 17.66 | loss  4.64 | ppl   103.99
INFO:root:| epoch  16 |  4500/15983 batches | lr 1.25 | ms/batch 17.61 | loss  4.66 | ppl   105.26
INFO:root:| epoch  16 |  5000/15983 batches | lr 1.25 | ms/batch 17.64 | loss  4.66 | ppl   105.59
INFO:root:| epoch  16 |  5500/15983 batches | lr 1.25 | ms/batch 17.64 | loss  4.67 | ppl   107.02
INFO:root:| epoch  16 |  6000/15983 batches | lr 1.25 | ms/batch 17.59 | loss  4.69 | ppl   108.48
INFO:root:| epoch  16 |  6500/15983 batches | lr 1.25 | ms/batch 17.91 | loss  4.64 | ppl   103.99
INFO:root:| epoch  16 |  7000/15983 batches | lr 1.25 | ms/batch 17.59 | loss  4.66 | ppl   105.22
INFO:root:| epoch  16 |  7500/15983 batches | lr 1.25 | ms/batch 17.69 | loss  4.63 | ppl   102.02
INFO:root:| epoch  16 |  8000/15983 batches | lr 1.25 | ms/batch 17.71 | loss  4.67 | ppl   106.43
INFO:root:| epoch  16 |  8500/15983 batches | lr 1.25 | ms/batch 17.68 | loss  4.63 | ppl   102.89
INFO:root:| epoch  16 |  9000/15983 batches | lr 1.25 | ms/batch 17.73 | loss  4.61 | ppl   100.66
INFO:root:| epoch  16 |  9500/15983 batches | lr 1.25 | ms/batch 17.73 | loss  4.63 | ppl   102.02
INFO:root:| epoch  16 | 10000/15983 batches | lr 1.25 | ms/batch 17.79 | loss  4.60 | ppl    99.82
INFO:root:| epoch  16 | 10500/15983 batches | lr 1.25 | ms/batch 17.67 | loss  4.64 | ppl   103.90
INFO:root:| epoch  16 | 11000/15983 batches | lr 1.25 | ms/batch 17.70 | loss  4.65 | ppl   104.17
INFO:root:| epoch  16 | 11500/15983 batches | lr 1.25 | ms/batch 17.75 | loss  4.62 | ppl   101.82
INFO:root:| epoch  16 | 12000/15983 batches | lr 1.25 | ms/batch 17.72 | loss  4.62 | ppl   101.27
INFO:root:| epoch  16 | 12500/15983 batches | lr 1.25 | ms/batch 17.67 | loss  4.59 | ppl    98.67
INFO:root:| epoch  16 | 13000/15983 batches | lr 1.25 | ms/batch 17.70 | loss  4.61 | ppl   100.28
INFO:root:| epoch  16 | 13500/15983 batches | lr 1.25 | ms/batch 17.64 | loss  4.62 | ppl   101.08
INFO:root:| epoch  16 | 14000/15983 batches | lr 1.25 | ms/batch 17.69 | loss  4.63 | ppl   102.41
INFO:root:| epoch  16 | 14500/15983 batches | lr 1.25 | ms/batch 17.61 | loss  4.61 | ppl   100.45
INFO:root:| epoch  16 | 15000/15983 batches | lr 1.25 | ms/batch 17.64 | loss  4.60 | ppl    99.39
INFO:root:| epoch  16 | 15500/15983 batches | lr 1.25 | ms/batch 17.66 | loss  4.58 | ppl    97.63
INFO:root:save figs in logs\2024-05-30_17-54-02
INFO:root:-----------------------------------------------------------------------------------------
INFO:root:| end of epoch  16 | time: 284.21s | valid loss  4.92 | valid ppl   136.43
INFO:root:-----------------------------------------------------------------------------------------
INFO:root:Model saved to logs\2024-05-30_17-54-02\model.pt
INFO:root:| epoch  17 |   500/15983 batches | lr 1.25 | ms/batch 17.63 | loss  4.66 | ppl   105.20
INFO:root:| epoch  17 |  1000/15983 batches | lr 1.25 | ms/batch 17.81 | loss  4.66 | ppl   105.15
INFO:root:| epoch  17 |  1500/15983 batches | lr 1.25 | ms/batch 17.78 | loss  4.67 | ppl   106.76
INFO:root:| epoch  17 |  2000/15983 batches | lr 1.25 | ms/batch 17.78 | loss  4.62 | ppl   101.04
INFO:root:| epoch  17 |  2500/15983 batches | lr 1.25 | ms/batch 17.62 | loss  4.61 | ppl   100.81
INFO:root:| epoch  17 |  3000/15983 batches | lr 1.25 | ms/batch 17.64 | loss  4.65 | ppl   104.36
INFO:root:| epoch  17 |  3500/15983 batches | lr 1.25 | ms/batch 17.59 | loss  4.66 | ppl   105.50
INFO:root:| epoch  17 |  4000/15983 batches | lr 1.25 | ms/batch 17.56 | loss  4.63 | ppl   102.91
INFO:root:| epoch  17 |  4500/15983 batches | lr 1.25 | ms/batch 17.47 | loss  4.64 | ppl   103.85
INFO:root:| epoch  17 |  5000/15983 batches | lr 1.25 | ms/batch 17.49 | loss  4.65 | ppl   104.56
INFO:root:| epoch  17 |  5500/15983 batches | lr 1.25 | ms/batch 17.40 | loss  4.66 | ppl   105.95
INFO:root:| epoch  17 |  6000/15983 batches | lr 1.25 | ms/batch 17.40 | loss  4.67 | ppl   107.17
INFO:root:| epoch  17 |  6500/15983 batches | lr 1.25 | ms/batch 17.20 | loss  4.64 | ppl   103.40
INFO:root:| epoch  17 |  7000/15983 batches | lr 1.25 | ms/batch 17.37 | loss  4.65 | ppl   104.41
INFO:root:| epoch  17 |  7500/15983 batches | lr 1.25 | ms/batch 17.35 | loss  4.62 | ppl   101.05
INFO:root:| epoch  17 |  8000/15983 batches | lr 1.25 | ms/batch 17.33 | loss  4.66 | ppl   105.82
INFO:root:| epoch  17 |  8500/15983 batches | lr 1.25 | ms/batch 17.27 | loss  4.62 | ppl   101.83
INFO:root:| epoch  17 |  9000/15983 batches | lr 1.25 | ms/batch 17.43 | loss  4.60 | ppl    99.76
INFO:root:| epoch  17 |  9500/15983 batches | lr 1.25 | ms/batch 17.36 | loss  4.62 | ppl   101.37
INFO:root:| epoch  17 | 10000/15983 batches | lr 1.25 | ms/batch 17.38 | loss  4.60 | ppl    99.11
INFO:root:| epoch  17 | 10500/15983 batches | lr 1.25 | ms/batch 17.38 | loss  4.64 | ppl   103.53
INFO:root:| epoch  17 | 11000/15983 batches | lr 1.25 | ms/batch 17.42 | loss  4.64 | ppl   103.85
INFO:root:| epoch  17 | 11500/15983 batches | lr 1.25 | ms/batch 17.39 | loss  4.62 | ppl   101.38
INFO:root:| epoch  17 | 12000/15983 batches | lr 1.25 | ms/batch 17.47 | loss  4.61 | ppl   100.99
INFO:root:| epoch  17 | 12500/15983 batches | lr 1.25 | ms/batch 17.39 | loss  4.59 | ppl    98.46
INFO:root:| epoch  17 | 13000/15983 batches | lr 1.25 | ms/batch 17.43 | loss  4.60 | ppl    99.96
INFO:root:| epoch  17 | 13500/15983 batches | lr 1.25 | ms/batch 17.41 | loss  4.61 | ppl   100.89
INFO:root:| epoch  17 | 14000/15983 batches | lr 1.25 | ms/batch 17.29 | loss  4.63 | ppl   102.28
INFO:root:| epoch  17 | 14500/15983 batches | lr 1.25 | ms/batch 17.36 | loss  4.61 | ppl   100.52
INFO:root:| epoch  17 | 15000/15983 batches | lr 1.25 | ms/batch 17.33 | loss  4.60 | ppl    99.49
INFO:root:| epoch  17 | 15500/15983 batches | lr 1.25 | ms/batch 17.35 | loss  4.58 | ppl    97.58
INFO:root:save figs in logs\2024-05-30_17-54-02
INFO:root:-----------------------------------------------------------------------------------------
INFO:root:| end of epoch  17 | time: 280.43s | valid loss  4.91 | valid ppl   136.14
INFO:root:-----------------------------------------------------------------------------------------
INFO:root:Model saved to logs\2024-05-30_17-54-02\model.pt
INFO:root:| epoch  18 |   500/15983 batches | lr 1.25 | ms/batch 17.27 | loss  4.65 | ppl   104.61
INFO:root:| epoch  18 |  1000/15983 batches | lr 1.25 | ms/batch 17.40 | loss  4.65 | ppl   104.59
INFO:root:| epoch  18 |  1500/15983 batches | lr 1.25 | ms/batch 17.33 | loss  4.66 | ppl   105.94
INFO:root:| epoch  18 |  2000/15983 batches | lr 1.25 | ms/batch 17.32 | loss  4.61 | ppl   100.46
INFO:root:| epoch  18 |  2500/15983 batches | lr 1.25 | ms/batch 17.31 | loss  4.61 | ppl   100.16
INFO:root:| epoch  18 |  3000/15983 batches | lr 1.25 | ms/batch 17.34 | loss  4.64 | ppl   103.81
INFO:root:| epoch  18 |  3500/15983 batches | lr 1.25 | ms/batch 17.30 | loss  4.66 | ppl   105.29
INFO:root:| epoch  18 |  4000/15983 batches | lr 1.25 | ms/batch 17.29 | loss  4.63 | ppl   102.02
INFO:root:| epoch  18 |  4500/15983 batches | lr 1.25 | ms/batch 17.32 | loss  4.64 | ppl   103.47
INFO:root:| epoch  18 |  5000/15983 batches | lr 1.25 | ms/batch 17.29 | loss  4.64 | ppl   104.05
INFO:root:| epoch  18 |  5500/15983 batches | lr 1.25 | ms/batch 17.26 | loss  4.66 | ppl   105.28
INFO:root:| epoch  18 |  6000/15983 batches | lr 1.25 | ms/batch 17.38 | loss  4.67 | ppl   106.72
INFO:root:| epoch  18 |  6500/15983 batches | lr 1.25 | ms/batch 17.63 | loss  4.63 | ppl   102.62
INFO:root:| epoch  18 |  7000/15983 batches | lr 1.25 | ms/batch 17.31 | loss  4.64 | ppl   103.65
INFO:root:| epoch  18 |  7500/15983 batches | lr 1.25 | ms/batch 17.25 | loss  4.61 | ppl   100.52
INFO:root:| epoch  18 |  8000/15983 batches | lr 1.25 | ms/batch 17.38 | loss  4.66 | ppl   105.45
INFO:root:| epoch  18 |  8500/15983 batches | lr 1.25 | ms/batch 17.28 | loss  4.62 | ppl   101.56
INFO:root:| epoch  18 |  9000/15983 batches | lr 1.25 | ms/batch 17.34 | loss  4.60 | ppl    99.40
INFO:root:| epoch  18 |  9500/15983 batches | lr 1.25 | ms/batch 17.31 | loss  4.62 | ppl   101.11
INFO:root:| epoch  18 | 10000/15983 batches | lr 1.25 | ms/batch 17.36 | loss  4.59 | ppl    98.91
INFO:root:| epoch  18 | 10500/15983 batches | lr 1.25 | ms/batch 17.24 | loss  4.64 | ppl   103.16
INFO:root:| epoch  18 | 11000/15983 batches | lr 1.25 | ms/batch 17.34 | loss  4.64 | ppl   103.79
INFO:root:| epoch  18 | 11500/15983 batches | lr 1.25 | ms/batch 17.42 | loss  4.62 | ppl   101.27
INFO:root:| epoch  18 | 12000/15983 batches | lr 1.25 | ms/batch 17.25 | loss  4.61 | ppl   100.77
INFO:root:| epoch  18 | 12500/15983 batches | lr 1.25 | ms/batch 17.30 | loss  4.59 | ppl    98.28
INFO:root:| epoch  18 | 13000/15983 batches | lr 1.25 | ms/batch 17.27 | loss  4.60 | ppl    99.98
INFO:root:| epoch  18 | 13500/15983 batches | lr 1.25 | ms/batch 17.29 | loss  4.61 | ppl   100.62
INFO:root:| epoch  18 | 14000/15983 batches | lr 1.25 | ms/batch 17.42 | loss  4.63 | ppl   102.22
INFO:root:| epoch  18 | 14500/15983 batches | lr 1.25 | ms/batch 17.32 | loss  4.61 | ppl   100.19
INFO:root:| epoch  18 | 15000/15983 batches | lr 1.25 | ms/batch 17.30 | loss  4.60 | ppl    99.46
INFO:root:| epoch  18 | 15500/15983 batches | lr 1.25 | ms/batch 17.41 | loss  4.58 | ppl    97.29
INFO:root:save figs in logs\2024-05-30_17-54-02
INFO:root:-----------------------------------------------------------------------------------------
INFO:root:| end of epoch  18 | time: 278.61s | valid loss  4.91 | valid ppl   136.02
INFO:root:-----------------------------------------------------------------------------------------
INFO:root:Model saved to logs\2024-05-30_17-54-02\model.pt
INFO:root:| epoch  19 |   500/15983 batches | lr 1.25 | ms/batch 17.27 | loss  4.64 | ppl   104.00
INFO:root:| epoch  19 |  1000/15983 batches | lr 1.25 | ms/batch 17.47 | loss  4.64 | ppl   103.88
INFO:root:| epoch  19 |  1500/15983 batches | lr 1.25 | ms/batch 17.56 | loss  4.66 | ppl   105.22
INFO:root:| epoch  19 |  2000/15983 batches | lr 1.25 | ms/batch 17.34 | loss  4.61 | ppl   100.09
INFO:root:| epoch  19 |  2500/15983 batches | lr 1.25 | ms/batch 17.29 | loss  4.60 | ppl    99.94
INFO:root:| epoch  19 |  3000/15983 batches | lr 1.25 | ms/batch 17.28 | loss  4.64 | ppl   103.43
INFO:root:| epoch  19 |  3500/15983 batches | lr 1.25 | ms/batch 17.33 | loss  4.65 | ppl   104.71
INFO:root:| epoch  19 |  4000/15983 batches | lr 1.25 | ms/batch 17.26 | loss  4.62 | ppl   101.60
INFO:root:| epoch  19 |  4500/15983 batches | lr 1.25 | ms/batch 17.24 | loss  4.63 | ppl   102.84
INFO:root:| epoch  19 |  5000/15983 batches | lr 1.25 | ms/batch 17.37 | loss  4.64 | ppl   103.60
INFO:root:| epoch  19 |  5500/15983 batches | lr 1.25 | ms/batch 17.30 | loss  4.65 | ppl   104.98
INFO:root:| epoch  19 |  6000/15983 batches | lr 1.25 | ms/batch 17.29 | loss  4.67 | ppl   106.34
INFO:root:| epoch  19 |  6500/15983 batches | lr 1.25 | ms/batch 17.27 | loss  4.63 | ppl   102.09
INFO:root:| epoch  19 |  7000/15983 batches | lr 1.25 | ms/batch 17.30 | loss  4.64 | ppl   103.20
INFO:root:| epoch  19 |  7500/15983 batches | lr 1.25 | ms/batch 17.38 | loss  4.61 | ppl   100.17
INFO:root:| epoch  19 |  8000/15983 batches | lr 1.25 | ms/batch 17.28 | loss  4.65 | ppl   104.87
INFO:root:| epoch  19 |  8500/15983 batches | lr 1.25 | ms/batch 17.29 | loss  4.62 | ppl   101.49
INFO:root:| epoch  19 |  9000/15983 batches | lr 1.25 | ms/batch 17.42 | loss  4.60 | ppl    99.14
INFO:root:| epoch  19 |  9500/15983 batches | lr 1.25 | ms/batch 17.35 | loss  4.61 | ppl   100.85
INFO:root:| epoch  19 | 10000/15983 batches | lr 1.25 | ms/batch 17.42 | loss  4.59 | ppl    98.56
INFO:root:| epoch  19 | 10500/15983 batches | lr 1.25 | ms/batch 17.33 | loss  4.63 | ppl   102.87
INFO:root:| epoch  19 | 11000/15983 batches | lr 1.25 | ms/batch 17.35 | loss  4.64 | ppl   103.50
INFO:root:| epoch  19 | 11500/15983 batches | lr 1.25 | ms/batch 17.25 | loss  4.62 | ppl   101.00
INFO:root:| epoch  19 | 12000/15983 batches | lr 1.25 | ms/batch 17.60 | loss  4.61 | ppl   100.38
INFO:root:| epoch  19 | 12500/15983 batches | lr 1.25 | ms/batch 17.46 | loss  4.59 | ppl    98.05
INFO:root:| epoch  19 | 13000/15983 batches | lr 1.25 | ms/batch 17.25 | loss  4.60 | ppl    99.69
INFO:root:| epoch  19 | 13500/15983 batches | lr 1.25 | ms/batch 17.42 | loss  4.61 | ppl   100.35
INFO:root:| epoch  19 | 14000/15983 batches | lr 1.25 | ms/batch 17.31 | loss  4.63 | ppl   102.16
INFO:root:| epoch  19 | 14500/15983 batches | lr 1.25 | ms/batch 17.25 | loss  4.61 | ppl   100.16
INFO:root:| epoch  19 | 15000/15983 batches | lr 1.25 | ms/batch 17.48 | loss  4.60 | ppl    99.21
INFO:root:| epoch  19 | 15500/15983 batches | lr 1.25 | ms/batch 17.33 | loss  4.58 | ppl    97.42
INFO:root:save figs in logs\2024-05-30_17-54-02
INFO:root:-----------------------------------------------------------------------------------------
INFO:root:| end of epoch  19 | time: 278.75s | valid loss  4.91 | valid ppl   135.63
INFO:root:-----------------------------------------------------------------------------------------
INFO:root:Model saved to logs\2024-05-30_17-54-02\model.pt
INFO:root:| epoch  20 |   500/15983 batches | lr 1.25 | ms/batch 17.41 | loss  4.64 | ppl   103.61
INFO:root:| epoch  20 |  1000/15983 batches | lr 1.25 | ms/batch 17.35 | loss  4.64 | ppl   103.71
INFO:root:| epoch  20 |  1500/15983 batches | lr 1.25 | ms/batch 17.21 | loss  4.65 | ppl   104.78
INFO:root:| epoch  20 |  2000/15983 batches | lr 1.25 | ms/batch 17.32 | loss  4.60 | ppl    99.90
INFO:root:| epoch  20 |  2500/15983 batches | lr 1.25 | ms/batch 17.29 | loss  4.60 | ppl    99.42
INFO:root:| epoch  20 |  3000/15983 batches | lr 1.25 | ms/batch 17.25 | loss  4.63 | ppl   102.89
INFO:root:| epoch  20 |  3500/15983 batches | lr 1.25 | ms/batch 17.25 | loss  4.65 | ppl   104.39
INFO:root:| epoch  20 |  4000/15983 batches | lr 1.25 | ms/batch 17.27 | loss  4.62 | ppl   101.34
INFO:root:| epoch  20 |  4500/15983 batches | lr 1.25 | ms/batch 17.24 | loss  4.63 | ppl   102.70
INFO:root:| epoch  20 |  5000/15983 batches | lr 1.25 | ms/batch 17.29 | loss  4.64 | ppl   103.27
INFO:root:| epoch  20 |  5500/15983 batches | lr 1.25 | ms/batch 17.25 | loss  4.65 | ppl   104.40
INFO:root:| epoch  20 |  6000/15983 batches | lr 1.25 | ms/batch 17.34 | loss  4.66 | ppl   105.89
INFO:root:| epoch  20 |  6500/15983 batches | lr 1.25 | ms/batch 17.32 | loss  4.62 | ppl   101.98
INFO:root:| epoch  20 |  7000/15983 batches | lr 1.25 | ms/batch 17.61 | loss  4.63 | ppl   102.92
INFO:root:| epoch  20 |  7500/15983 batches | lr 1.25 | ms/batch 17.34 | loss  4.60 | ppl    99.84
INFO:root:| epoch  20 |  8000/15983 batches | lr 1.25 | ms/batch 17.31 | loss  4.65 | ppl   104.64
INFO:root:| epoch  20 |  8500/15983 batches | lr 1.25 | ms/batch 17.38 | loss  4.62 | ppl   101.03
INFO:root:| epoch  20 |  9000/15983 batches | lr 1.25 | ms/batch 17.38 | loss  4.59 | ppl    98.97
INFO:root:| epoch  20 |  9500/15983 batches | lr 1.25 | ms/batch 17.26 | loss  4.61 | ppl   100.52
INFO:root:| epoch  20 | 10000/15983 batches | lr 1.25 | ms/batch 17.31 | loss  4.59 | ppl    98.14
INFO:root:| epoch  20 | 10500/15983 batches | lr 1.25 | ms/batch 17.26 | loss  4.63 | ppl   102.65
INFO:root:| epoch  20 | 11000/15983 batches | lr 1.25 | ms/batch 17.22 | loss  4.63 | ppl   103.02
INFO:root:| epoch  20 | 11500/15983 batches | lr 1.25 | ms/batch 17.31 | loss  4.61 | ppl   100.91
INFO:root:| epoch  20 | 12000/15983 batches | lr 1.25 | ms/batch 17.29 | loss  4.61 | ppl   100.32
INFO:root:| epoch  20 | 12500/15983 batches | lr 1.25 | ms/batch 17.29 | loss  4.59 | ppl    98.04
INFO:root:| epoch  20 | 13000/15983 batches | lr 1.25 | ms/batch 17.18 | loss  4.60 | ppl    99.38
INFO:root:| epoch  20 | 13500/15983 batches | lr 1.25 | ms/batch 17.27 | loss  4.61 | ppl   100.50
INFO:root:| epoch  20 | 14000/15983 batches | lr 1.25 | ms/batch 17.31 | loss  4.62 | ppl   101.89
INFO:root:| epoch  20 | 14500/15983 batches | lr 1.25 | ms/batch 17.32 | loss  4.61 | ppl   100.01
INFO:root:| epoch  20 | 15000/15983 batches | lr 1.25 | ms/batch 17.28 | loss  4.60 | ppl    99.13
INFO:root:| epoch  20 | 15500/15983 batches | lr 1.25 | ms/batch 17.22 | loss  4.58 | ppl    97.28
INFO:root:save figs in logs\2024-05-30_17-54-02
INFO:root:-----------------------------------------------------------------------------------------
INFO:root:| end of epoch  20 | time: 278.11s | valid loss  4.91 | valid ppl   135.65
INFO:root:-----------------------------------------------------------------------------------------
